cargo :    Compiling subscription_vault v0.1.0 
(C:\Users\ADMIN\Desktop\kweb-drips\stellabill-contracts\contracts\subscription_vault)
At line:1 char:1
+ cargo test -p subscription_vault --lib test_deterministic_charging >  ...
+ ~~~~~~~~~~~~~~~~~~~~~~~~~~~~~~~~~~~~~~~~~~~~~~~~~~~~~~~~~~~~~~~~~~~~~
    + CategoryInfo          : NotSpecified: (   Compiling su...cription_vault):String) [], RemoteException
    + FullyQualifiedErrorId : NativeCommandError
 
error: expected expression, found `,`
    --> contracts\subscription_vault\src\test.rs:2979:5
     |
2979 |     ,
     |     ^ expected expression

error: expected expression, found `,`
    --> contracts\subscription_vault\src\test.rs:3020:5
     |
3020 |     ,
     |     ^ expected expression

error: expected expression, found `,`
    --> contracts\subscription_vault\src\test.rs:4859:5
     |
4859 |     ,
     |     ^ expected expression

error: expected expression, found `,`
    --> contracts\subscription_vault\src\test.rs:4935:5
     |
4935 |     ,
     |     ^ expected expression

error: expected expression, found `,`
    --> contracts\subscription_vault\src\test.rs:4975:5
     |
4975 |     ,
     |     ^ expected expression

error: expected expression, found `,`
    --> contracts\subscription_vault\src\test.rs:4995:5
     |
4995 |     ,
     |     ^ expected expression

error: expected expression, found `,`
    --> contracts\subscription_vault\src\test.rs:7998:5
     |
7998 |     ,
     |     ^ expected expression

error[E0428]: the name `test_utils` is defined multiple times
  --> contracts\subscription_vault\src\lib.rs:94:1
   |
90 | mod test_utils;
   | --------------- previous definition of the module `test_utils` here
...
94 | mod test_utils;
   | ^^^^^^^^^^^^^^^ `test_utils` redefined here
   |
   = note: `test_utils` must be defined only once in the type namespace of this module

error[E0428]: the name `__SPEC_XDR_TYPE_ACCRUEDTOTALS` is defined multiple times
   --> contracts\subscription_vault\src\types.rs:934:1
    |
496 | #[contracttype]
    | --------------- previous definition of the value `__SPEC_XDR_TYPE_ACCRUEDTOTALS` here
...
934 | #[contracttype]
    | ^^^^^^^^^^^^^^^ `__SPEC_XDR_TYPE_ACCRUEDTOTALS` redefined here
    |
    = note: `__SPEC_XDR_TYPE_ACCRUEDTOTALS` must be defined only once in the value namespace of this module
    = note: this error originates in the attribute macro `contracttype` (in Nightly builds, run with -Z 
macro-backtrace for more info)

error[E0428]: the name `AccruedTotals` is defined multiple times
   --> contracts\subscription_vault\src\types.rs:936:1
    |
498 | pub struct AccruedTotals {
    | ------------------------ previous definition of the type `AccruedTotals` here
...
936 | pub struct AccruedTotals {
    | ^^^^^^^^^^^^^^^^^^^^^^^^ `AccruedTotals` redefined here
    |
    = note: `AccruedTotals` must be defined only once in the type namespace of this module

error[E0428]: the name `__SPEC_XDR_TYPE_TOKENEARNINGS` is defined multiple times
   --> contracts\subscription_vault\src\types.rs:943:1
    |
508 | #[contracttype]
    | --------------- previous definition of the value `__SPEC_XDR_TYPE_TOKENEARNINGS` here
...
943 | #[contracttype]
    | ^^^^^^^^^^^^^^^ `__SPEC_XDR_TYPE_TOKENEARNINGS` redefined here
    |
    = note: `__SPEC_XDR_TYPE_TOKENEARNINGS` must be defined only once in the value namespace of this module
    = note: this error originates in the attribute macro `contracttype` (in Nightly builds, run with -Z 
macro-backtrace for more info)

error[E0428]: the name `TokenEarnings` is defined multiple times
   --> contracts\subscription_vault\src\types.rs:945:1
    |
510 | pub struct TokenEarnings {
    | ------------------------ previous definition of the type `TokenEarnings` here
...
945 | pub struct TokenEarnings {
    | ^^^^^^^^^^^^^^^^^^^^^^^^ `TokenEarnings` redefined here
    |
    = note: `TokenEarnings` must be defined only once in the type namespace of this module

error[E0428]: the name `__SPEC_XDR_TYPE_TOKENRECONCILIATIONSNAPSHOT` is defined multiple times
   --> contracts\subscription_vault\src\types.rs:952:1
    |
520 | #[contracttype]
    | --------------- previous definition of the value `__SPEC_XDR_TYPE_TOKENRECONCILIATIONSNAPSHOT` here
...
952 | #[contracttype]
    | ^^^^^^^^^^^^^^^ `__SPEC_XDR_TYPE_TOKENRECONCILIATIONSNAPSHOT` redefined here
    |
    = note: `__SPEC_XDR_TYPE_TOKENRECONCILIATIONSNAPSHOT` must be defined only once in the value namespace of this 
module
    = note: this error originates in the attribute macro `contracttype` (in Nightly builds, run with -Z 
macro-backtrace for more info)

error[E0428]: the name `TokenReconciliationSnapshot` is defined multiple times
   --> contracts\subscription_vault\src\types.rs:954:1
    |
522 | pub struct TokenReconciliationSnapshot {
    | -------------------------------------- previous definition of the type `TokenReconciliationSnapshot` here
...
954 | pub struct TokenReconciliationSnapshot {
    | ^^^^^^^^^^^^^^^^^^^^^^^^^^^^^^^^^^^^^^ `TokenReconciliationSnapshot` redefined here
    |
    = note: `TokenReconciliationSnapshot` must be defined only once in the type namespace of this module

error[E0428]: the name `__SPEC_XDR_TYPE_ACCRUEDTOTALS` is defined multiple times
   --> contracts\subscription_vault\src\types.rs:987:1
    |
496 | #[contracttype]
    | --------------- previous definition of the value `__SPEC_XDR_TYPE_ACCRUEDTOTALS` here
...
987 | #[contracttype]
    | ^^^^^^^^^^^^^^^ `__SPEC_XDR_TYPE_ACCRUEDTOTALS` redefined here
    |
    = note: `__SPEC_XDR_TYPE_ACCRUEDTOTALS` must be defined only once in the value namespace of this module
    = note: this error originates in the attribute macro `contracttype` (in Nightly builds, run with -Z 
macro-backtrace for more info)

error[E0428]: the name `AccruedTotals` is defined multiple times
   --> contracts\subscription_vault\src\types.rs:989:1
    |
498 | pub struct AccruedTotals {
    | ------------------------ previous definition of the type `AccruedTotals` here
...
989 | pub struct AccruedTotals {
    | ^^^^^^^^^^^^^^^^^^^^^^^^ `AccruedTotals` redefined here
    |
    = note: `AccruedTotals` must be defined only once in the type namespace of this module

error[E0428]: the name `__SPEC_XDR_TYPE_TOKENEARNINGS` is defined multiple times
   --> contracts\subscription_vault\src\types.rs:999:1
    |
508 | #[contracttype]
    | --------------- previous definition of the value `__SPEC_XDR_TYPE_TOKENEARNINGS` here
...
999 | #[contracttype]
    | ^^^^^^^^^^^^^^^ `__SPEC_XDR_TYPE_TOKENEARNINGS` redefined here
    |
    = note: `__SPEC_XDR_TYPE_TOKENEARNINGS` must be defined only once in the value namespace of this module
    = note: this error originates in the attribute macro `contracttype` (in Nightly builds, run with -Z 
macro-backtrace for more info)

error[E0428]: the name `TokenEarnings` is defined multiple times
    --> contracts\subscription_vault\src\types.rs:1001:1
     |
 510 | pub struct TokenEarnings {
     | ------------------------ previous definition of the type `TokenEarnings` here
...
1001 | pub struct TokenEarnings {
     | ^^^^^^^^^^^^^^^^^^^^^^^^ `TokenEarnings` redefined here
     |
     = note: `TokenEarnings` must be defined only once in the type namespace of this module

error[E0428]: the name `__SPEC_XDR_TYPE_TOKENRECONCILIATIONSNAPSHOT` is defined multiple times
    --> contracts\subscription_vault\src\types.rs:1011:1
     |
 520 | #[contracttype]
     | --------------- previous definition of the value `__SPEC_XDR_TYPE_TOKENRECONCILIATIONSNAPSHOT` here
...
1011 | #[contracttype]
     | ^^^^^^^^^^^^^^^ `__SPEC_XDR_TYPE_TOKENRECONCILIATIONSNAPSHOT` redefined here
     |
     = note: `__SPEC_XDR_TYPE_TOKENRECONCILIATIONSNAPSHOT` must be defined only once in the value namespace of this 
module
     = note: this error originates in the attribute macro `contracttype` (in Nightly builds, run with -Z 
macro-backtrace for more info)

error[E0428]: the name `TokenReconciliationSnapshot` is defined multiple times
    --> contracts\subscription_vault\src\types.rs:1013:1
     |
 522 | pub struct TokenReconciliationSnapshot {
     | -------------------------------------- previous definition of the type `TokenReconciliationSnapshot` here
...
1013 | pub struct TokenReconciliationSnapshot {
     | ^^^^^^^^^^^^^^^^^^^^^^^^^^^^^^^^^^^^^^ `TokenReconciliationSnapshot` redefined here
     |
     = note: `TokenReconciliationSnapshot` must be defined only once in the type namespace of this module

error[E0432]: unresolved import `crate::test_utils::TestEnv`
  --> contracts\subscription_vault\src\test.rs:14:25
   |
14 | use crate::test_utils::{TestEnv, fixtures, assertions};
   |                         ^^^^^^^ no `TestEnv` in `test_utils`
   |
   = help: consider importing this struct instead:
           crate::test_utils::setup::TestEnv

error[E0432]: unresolved import `crate::test_utils::TestEnv`
 --> contracts\subscription_vault\src\test_refactor_check.rs:1:47
  |
1 | use crate::test_utils::{assertions, fixtures, TestEnv};
  |                                               ^^^^^^^ no `TestEnv` in `test_utils`
  |
  = help: consider importing this struct instead:
          crate::test_utils::setup::TestEnv
  = note: unresolved item `crate::test::__latest_price::TestEnv` exists but is inaccessible

error[E0432]: unresolved imports `types::ProtocolFeeChargedEvent`, `types::ProtocolFeeConfiguredEvent`
   --> contracts\subscription_vault\src\lib.rs:134:78
    |
134 |     OraclePrice, PartialRefundEvent, PlanTemplate, PlanTemplateUpdatedEvent, ProtocolFeeChargedEvent,
    |                                                                              ^^^^^^^^^^^^^^^^^^^^^^^ no 
`ProtocolFeeChargedEvent` in `types`
135 |     ProtocolFeeConfiguredEvent, RecoveryEvent,
    |     ^^^^^^^^^^^^^^^^^^^^^^^^^^ no `ProtocolFeeConfiguredEvent` in `types`

error[E0422]: cannot find struct, variant or union type `ProtocolFeeConfiguredEvent` in module `crate::types`
   --> contracts\subscription_vault\src\admin.rs:334:23
    |
334 |         crate::types::ProtocolFeeConfiguredEvent {
    |                       ^^^^^^^^^^^^^^^^^^^^^^^^^^ not found in `crate::types`

error[E0422]: cannot find struct, variant or union type `ProtocolFeeChargedEvent` in module `crate::types`
   --> contracts\subscription_vault\src\charge_core.rs:169:39
    |
169 |                         crate::types::ProtocolFeeChargedEvent {
    |                                       ^^^^^^^^^^^^^^^^^^^^^^^ not found in `crate::types`

error[E0425]: cannot find value `client` in this scope
    --> contracts\subscription_vault\src\test.rs:4395:5
     |
4395 |     client.deposit_funds(&id, &subscriber, &200_000_000i128);
     |     ^^^^^^ not found in this scope

error[E0425]: cannot find value `client` in this scope
    --> contracts\subscription_vault\src\test.rs:4439:5
     |
4439 |     client.deposit_funds(&id, &subscriber, &200_000_000i128);
     |     ^^^^^^ not found in this scope

error[E0425]: cannot find value `client` in this scope
    --> contracts\subscription_vault\src\test.rs:4490:5
     |
4490 |     client.deposit_funds(&id, &subscriber, &500_000_000i128);
     |     ^^^^^^ not found in this scope

error[E0425]: cannot find value `client` in this scope
    --> contracts\subscription_vault\src\test.rs:4759:5
     |
4759 |     client.deposit_funds(&id, &subscriber, &100_000_000i128);
     |     ^^^^^^ not found in this scope

error[E0425]: cannot find value `client` in this scope
    --> contracts\subscription_vault\src\test.rs:4787:5
     |
4787 |     client.deposit_funds(&id, &subscriber, &100_000_000i128);
     |     ^^^^^^ not found in this scope

error[E0423]: expected value, found module `token`
   --> contracts\subscription_vault\src\test_expiration.rs:182:81
    |
175 |     let (env, client, _token, token_admin, _) = setup_test_env();
    |                       ------ `_token` defined here
...
182 |     let sub_id = client.create_subscription_with_token(&subscriber, &merchant, &token.address, &100, &10, 
&false, &None::<i128>, &Some(10...
    |                                                                                 ^^^^^
    |
help: use the path separator to refer to an item
    |
182 -     let sub_id = client.create_subscription_with_token(&subscriber, &merchant, &token.address, &100, &10, 
&false, &None::<i128>, &Some(1050, &None));
182 +     let sub_id = client.create_subscription_with_token(&subscriber, &merchant, &token::address, &100, &10, 
&false, &None::<i128>, &Some(1050, &None));
    |
help: the leading underscore in `_token` marks it as unused, consider renaming it to `token`
    |
175 -     let (env, client, _token, token_admin, _) = setup_test_env();
175 +     let (env, client, token, token_admin, _) = setup_test_env();
    |

warning: unused import: `Subscription`
  --> contracts\subscription_vault\src\charge_core.rs:21:30
   |
21 |     LifetimeCapReachedEvent, Subscription, SubscriptionChargeFailedEvent, SubscriptionChargedEvent,
   |                              ^^^^^^^^^^^^
   |
   = note: `#[warn(unused_imports)]` (part of `#[warn(unused)]`) on by default

warning: unused imports: `SubscriptionRecoveryReadyEvent as SubscriptionRecoveryReadyEventAlias` and `UsageState`
  --> contracts\subscription_vault\src\subscription.rs:44:5
   |
44 |     SubscriptionRecoveryReadyEvent as SubscriptionRecoveryReadyEventAlias, SubscriptionStatus,
   |     ^^^^^^^^^^^^^^^^^^^^^^^^^^^^^^^^^^^^^^^^^^^^^^^^^^^^^^^^^^^^^^^^^^^^^
45 |     UsageLimits, UsageState,
   |                  ^^^^^^^^^^

warning: unused import: `Val`
 --> contracts\subscription_vault\src\test_auth_fuzz.rs:8:47
  |
8 |     Address, Env, Vec as SorobanVec, IntoVal, Val,
  |                                               ^^^

warning: unused import: `Ledger as _`
 --> contracts\subscription_vault\src\test_recovery.rs:6:57
  |
6 | use soroban_sdk::testutils::{Address as _, Events as _, Ledger as _};
  |                                                         ^^^^^^^^^^^

warning: unused imports: `IntoVal` and `Symbol`
 --> contracts\subscription_vault\src\test_recovery.rs:7:48
  |
7 | use soroban_sdk::{token, Address, Env, String, Symbol, IntoVal};
  |                                                ^^^^^^  ^^^^^^^

error[E0119]: conflicting implementations of trait `Clone` for type `types::AccruedTotals`
   --> contracts\subscription_vault\src\types.rs:935:10
    |
497 | #[derive(Clone, Debug, Eq, PartialEq)]
    |          ----- first implementation here
...
935 | #[derive(Clone, Debug, Eq, PartialEq)]
    |          ^^^^^ conflicting implementation for `types::AccruedTotals`

error[E0119]: conflicting implementations of trait `Clone` for type `types::TokenEarnings`
   --> contracts\subscription_vault\src\types.rs:944:10
    |
509 | #[derive(Clone, Debug, Eq, PartialEq)]
    |          ----- first implementation here
...
944 | #[derive(Clone, Debug, Eq, PartialEq)]
    |          ^^^^^ conflicting implementation for `types::TokenEarnings`

error[E0119]: conflicting implementations of trait `Clone` for type `types::TokenReconciliationSnapshot`
   --> contracts\subscription_vault\src\types.rs:953:10
    |
521 | #[derive(Clone, Debug, Eq, PartialEq)]
    |          ----- first implementation here
...
953 | #[derive(Clone, Debug, Eq, PartialEq)]
    |          ^^^^^ conflicting implementation for `types::TokenReconciliationSnapshot`

error[E0119]: conflicting implementations of trait `Clone` for type `types::AccruedTotals`
   --> contracts\subscription_vault\src\types.rs:988:10
    |
497 | #[derive(Clone, Debug, Eq, PartialEq)]
    |          ----- first implementation here
...
988 | #[derive(Clone, Debug, Eq, PartialEq)]
    |          ^^^^^ conflicting implementation for `types::AccruedTotals`

error[E0119]: conflicting implementations of trait `Clone` for type `types::TokenEarnings`
    --> contracts\subscription_vault\src\types.rs:1000:10
     |
 509 | #[derive(Clone, Debug, Eq, PartialEq)]
     |          ----- first implementation here
...
1000 | #[derive(Clone, Debug, Eq, PartialEq)]
     |          ^^^^^ conflicting implementation for `types::TokenEarnings`

error[E0119]: conflicting implementations of trait `Clone` for type `types::TokenReconciliationSnapshot`
    --> contracts\subscription_vault\src\types.rs:1012:10
     |
 521 | #[derive(Clone, Debug, Eq, PartialEq)]
     |          ----- first implementation here
...
1012 | #[derive(Clone, Debug, Eq, PartialEq)]
     |          ^^^^^ conflicting implementation for `types::TokenReconciliationSnapshot`

error[E0119]: conflicting implementations of trait `Debug` for type `types::AccruedTotals`
   --> contracts\subscription_vault\src\types.rs:935:17
    |
497 | #[derive(Clone, Debug, Eq, PartialEq)]
    |                 ----- first implementation here
...
935 | #[derive(Clone, Debug, Eq, PartialEq)]
    |                 ^^^^^ conflicting implementation for `types::AccruedTotals`

error[E0119]: conflicting implementations of trait `Debug` for type `types::TokenEarnings`
   --> contracts\subscription_vault\src\types.rs:944:17
    |
509 | #[derive(Clone, Debug, Eq, PartialEq)]
    |                 ----- first implementation here
...
944 | #[derive(Clone, Debug, Eq, PartialEq)]
    |                 ^^^^^ conflicting implementation for `types::TokenEarnings`

error[E0119]: conflicting implementations of trait `Debug` for type `types::TokenReconciliationSnapshot`
   --> contracts\subscription_vault\src\types.rs:953:17
    |
521 | #[derive(Clone, Debug, Eq, PartialEq)]
    |                 ----- first implementation here
...
953 | #[derive(Clone, Debug, Eq, PartialEq)]
    |                 ^^^^^ conflicting implementation for `types::TokenReconciliationSnapshot`

error[E0119]: conflicting implementations of trait `Debug` for type `types::AccruedTotals`
   --> contracts\subscription_vault\src\types.rs:988:17
    |
497 | #[derive(Clone, Debug, Eq, PartialEq)]
    |                 ----- first implementation here
...
988 | #[derive(Clone, Debug, Eq, PartialEq)]
    |                 ^^^^^ conflicting implementation for `types::AccruedTotals`

error[E0119]: conflicting implementations of trait `Debug` for type `types::TokenEarnings`
    --> contracts\subscription_vault\src\types.rs:1000:17
     |
 509 | #[derive(Clone, Debug, Eq, PartialEq)]
     |                 ----- first implementation here
...
1000 | #[derive(Clone, Debug, Eq, PartialEq)]
     |                 ^^^^^ conflicting implementation for `types::TokenEarnings`

error[E0119]: conflicting implementations of trait `Debug` for type `types::TokenReconciliationSnapshot`
    --> contracts\subscription_vault\src\types.rs:1012:17
     |
 521 | #[derive(Clone, Debug, Eq, PartialEq)]
     |                 ----- first implementation here
...
1012 | #[derive(Clone, Debug, Eq, PartialEq)]
     |                 ^^^^^ conflicting implementation for `types::TokenReconciliationSnapshot`

error[E0119]: conflicting implementations of trait `core::cmp::Eq` for type `types::AccruedTotals`
   --> contracts\subscription_vault\src\types.rs:935:24
    |
497 | #[derive(Clone, Debug, Eq, PartialEq)]
    |                        -- first implementation here
...
935 | #[derive(Clone, Debug, Eq, PartialEq)]
    |                        ^^ conflicting implementation for `types::AccruedTotals`

error[E0119]: conflicting implementations of trait `core::cmp::Eq` for type `types::TokenEarnings`
   --> contracts\subscription_vault\src\types.rs:944:24
    |
509 | #[derive(Clone, Debug, Eq, PartialEq)]
    |                        -- first implementation here
...
944 | #[derive(Clone, Debug, Eq, PartialEq)]
    |                        ^^ conflicting implementation for `types::TokenEarnings`

error[E0119]: conflicting implementations of trait `core::cmp::Eq` for type `types::TokenReconciliationSnapshot`
   --> contracts\subscription_vault\src\types.rs:953:24
    |
521 | #[derive(Clone, Debug, Eq, PartialEq)]
    |                        -- first implementation here
...
953 | #[derive(Clone, Debug, Eq, PartialEq)]
    |                        ^^ conflicting implementation for `types::TokenReconciliationSnapshot`

error[E0119]: conflicting implementations of trait `core::cmp::Eq` for type `types::AccruedTotals`
   --> contracts\subscription_vault\src\types.rs:988:24
    |
497 | #[derive(Clone, Debug, Eq, PartialEq)]
    |                        -- first implementation here
...
988 | #[derive(Clone, Debug, Eq, PartialEq)]
    |                        ^^ conflicting implementation for `types::AccruedTotals`

error[E0119]: conflicting implementations of trait `core::cmp::Eq` for type `types::TokenEarnings`
    --> contracts\subscription_vault\src\types.rs:1000:24
     |
 509 | #[derive(Clone, Debug, Eq, PartialEq)]
     |                        -- first implementation here
...
1000 | #[derive(Clone, Debug, Eq, PartialEq)]
     |                        ^^ conflicting implementation for `types::TokenEarnings`

error[E0119]: conflicting implementations of trait `core::cmp::Eq` for type `types::TokenReconciliationSnapshot`
    --> contracts\subscription_vault\src\types.rs:1012:24
     |
 521 | #[derive(Clone, Debug, Eq, PartialEq)]
     |                        -- first implementation here
...
1012 | #[derive(Clone, Debug, Eq, PartialEq)]
     |                        ^^ conflicting implementation for `types::TokenReconciliationSnapshot`

error[E0119]: conflicting implementations of trait `StructuralPartialEq` for type `types::AccruedTotals`
   --> contracts\subscription_vault\src\types.rs:935:28
    |
497 | #[derive(Clone, Debug, Eq, PartialEq)]
    |                            --------- first implementation here
...
935 | #[derive(Clone, Debug, Eq, PartialEq)]
    |                            ^^^^^^^^^ conflicting implementation for `types::AccruedTotals`

error[E0119]: conflicting implementations of trait `StructuralPartialEq` for type `types::TokenEarnings`
   --> contracts\subscription_vault\src\types.rs:944:28
    |
509 | #[derive(Clone, Debug, Eq, PartialEq)]
    |                            --------- first implementation here
...
944 | #[derive(Clone, Debug, Eq, PartialEq)]
    |                            ^^^^^^^^^ conflicting implementation for `types::TokenEarnings`

error[E0119]: conflicting implementations of trait `StructuralPartialEq` for type `types::TokenReconciliationSnapshot`
   --> contracts\subscription_vault\src\types.rs:953:28
    |
521 | #[derive(Clone, Debug, Eq, PartialEq)]
    |                            --------- first implementation here
...
953 | #[derive(Clone, Debug, Eq, PartialEq)]
    |                            ^^^^^^^^^ conflicting implementation for `types::TokenReconciliationSnapshot`

error[E0119]: conflicting implementations of trait `StructuralPartialEq` for type `types::AccruedTotals`
   --> contracts\subscription_vault\src\types.rs:988:28
    |
497 | #[derive(Clone, Debug, Eq, PartialEq)]
    |                            --------- first implementation here
...
988 | #[derive(Clone, Debug, Eq, PartialEq)]
    |                            ^^^^^^^^^ conflicting implementation for `types::AccruedTotals`

error[E0119]: conflicting implementations of trait `StructuralPartialEq` for type `types::TokenEarnings`
    --> contracts\subscription_vault\src\types.rs:1000:28
     |
 509 | #[derive(Clone, Debug, Eq, PartialEq)]
     |                            --------- first implementation here
...
1000 | #[derive(Clone, Debug, Eq, PartialEq)]
     |                            ^^^^^^^^^ conflicting implementation for `types::TokenEarnings`

error[E0119]: conflicting implementations of trait `StructuralPartialEq` for type `types::TokenReconciliationSnapshot`
    --> contracts\subscription_vault\src\types.rs:1012:28
     |
 521 | #[derive(Clone, Debug, Eq, PartialEq)]
     |                            --------- first implementation here
...
1012 | #[derive(Clone, Debug, Eq, PartialEq)]
     |                            ^^^^^^^^^ conflicting implementation for `types::TokenReconciliationSnapshot`

error[E0119]: conflicting implementations of trait `PartialEq` for type `types::AccruedTotals`
   --> contracts\subscription_vault\src\types.rs:935:28
    |
497 | #[derive(Clone, Debug, Eq, PartialEq)]
    |                            --------- first implementation here
...
935 | #[derive(Clone, Debug, Eq, PartialEq)]
    |                            ^^^^^^^^^ conflicting implementation for `types::AccruedTotals`

error[E0119]: conflicting implementations of trait `PartialEq` for type `types::TokenEarnings`
   --> contracts\subscription_vault\src\types.rs:944:28
    |
509 | #[derive(Clone, Debug, Eq, PartialEq)]
    |                            --------- first implementation here
...
944 | #[derive(Clone, Debug, Eq, PartialEq)]
    |                            ^^^^^^^^^ conflicting implementation for `types::TokenEarnings`

error[E0119]: conflicting implementations of trait `PartialEq` for type `types::TokenReconciliationSnapshot`
   --> contracts\subscription_vault\src\types.rs:953:28
    |
521 | #[derive(Clone, Debug, Eq, PartialEq)]
    |                            --------- first implementation here
...
953 | #[derive(Clone, Debug, Eq, PartialEq)]
    |                            ^^^^^^^^^ conflicting implementation for `types::TokenReconciliationSnapshot`

error[E0119]: conflicting implementations of trait `PartialEq` for type `types::AccruedTotals`
   --> contracts\subscription_vault\src\types.rs:988:28
    |
497 | #[derive(Clone, Debug, Eq, PartialEq)]
    |                            --------- first implementation here
...
988 | #[derive(Clone, Debug, Eq, PartialEq)]
    |                            ^^^^^^^^^ conflicting implementation for `types::AccruedTotals`

error[E0119]: conflicting implementations of trait `PartialEq` for type `types::TokenEarnings`
    --> contracts\subscription_vault\src\types.rs:1000:28
     |
 509 | #[derive(Clone, Debug, Eq, PartialEq)]
     |                            --------- first implementation here
...
1000 | #[derive(Clone, Debug, Eq, PartialEq)]
     |                            ^^^^^^^^^ conflicting implementation for `types::TokenEarnings`

error[E0119]: conflicting implementations of trait `PartialEq` for type `types::TokenReconciliationSnapshot`
    --> contracts\subscription_vault\src\types.rs:1012:28
     |
 521 | #[derive(Clone, Debug, Eq, PartialEq)]
     |                            --------- first implementation here
...
1012 | #[derive(Clone, Debug, Eq, PartialEq)]
     |                            ^^^^^^^^^ conflicting implementation for `types::TokenReconciliationSnapshot`

error[E0119]: conflicting implementations of trait `TryFromVal<soroban_sdk::Env, soroban_sdk::Val>` for type 
`types::AccruedTotals`
   --> contracts\subscription_vault\src\types.rs:934:1
    |
496 | #[contracttype]
    | --------------- first implementation here
...
934 | #[contracttype]
    | ^^^^^^^^^^^^^^^ conflicting implementation for `types::AccruedTotals`
    |
    = note: this error originates in the attribute macro `contracttype` (in Nightly builds, run with -Z 
macro-backtrace for more info)

error[E0119]: conflicting implementations of trait `TryFromVal<soroban_sdk::Env, types::AccruedTotals>` for type 
`soroban_sdk::Val`
   --> contracts\subscription_vault\src\types.rs:934:1
    |
496 | #[contracttype]
    | --------------- first implementation here
...
934 | #[contracttype]
    | ^^^^^^^^^^^^^^^ conflicting implementation for `soroban_sdk::Val`
    |
    = note: this error originates in the attribute macro `contracttype` (in Nightly builds, run with -Z 
macro-backtrace for more info)

error[E0119]: conflicting implementations of trait `TryFromVal<soroban_sdk::Env, soroban_sdk::xdr::ScMap>` for type 
`types::AccruedTotals`
   --> contracts\subscription_vault\src\types.rs:934:1
    |
496 | #[contracttype]
    | --------------- first implementation here
...
934 | #[contracttype]
    | ^^^^^^^^^^^^^^^ conflicting implementation for `types::AccruedTotals`
    |
    = note: this error originates in the attribute macro `contracttype` (in Nightly builds, run with -Z 
macro-backtrace for more info)

error[E0119]: conflicting implementations of trait `TryFromVal<soroban_sdk::Env, soroban_sdk::xdr::ScVal>` for type 
`types::AccruedTotals`
   --> contracts\subscription_vault\src\types.rs:934:1
    |
496 | #[contracttype]
    | --------------- first implementation here
...
934 | #[contracttype]
    | ^^^^^^^^^^^^^^^ conflicting implementation for `types::AccruedTotals`
    |
    = note: this error originates in the attribute macro `contracttype` (in Nightly builds, run with -Z 
macro-backtrace for more info)

error[E0119]: conflicting implementations of trait `TryFromVal<soroban_sdk::Env, soroban_sdk::Val>` for type 
`types::TokenEarnings`
   --> contracts\subscription_vault\src\types.rs:943:1
    |
508 | #[contracttype]
    | --------------- first implementation here
...
943 | #[contracttype]
    | ^^^^^^^^^^^^^^^ conflicting implementation for `types::TokenEarnings`
    |
    = note: this error originates in the attribute macro `contracttype` (in Nightly builds, run with -Z 
macro-backtrace for more info)

error[E0119]: conflicting implementations of trait `TryFromVal<soroban_sdk::Env, types::TokenEarnings>` for type 
`soroban_sdk::Val`
   --> contracts\subscription_vault\src\types.rs:943:1
    |
508 | #[contracttype]
    | --------------- first implementation here
...
943 | #[contracttype]
    | ^^^^^^^^^^^^^^^ conflicting implementation for `soroban_sdk::Val`
    |
    = note: this error originates in the attribute macro `contracttype` (in Nightly builds, run with -Z 
macro-backtrace for more info)

error[E0119]: conflicting implementations of trait `TryFromVal<soroban_sdk::Env, soroban_sdk::xdr::ScMap>` for type 
`types::TokenEarnings`
   --> contracts\subscription_vault\src\types.rs:943:1
    |
508 | #[contracttype]
    | --------------- first implementation here
...
943 | #[contracttype]
    | ^^^^^^^^^^^^^^^ conflicting implementation for `types::TokenEarnings`
    |
    = note: this error originates in the attribute macro `contracttype` (in Nightly builds, run with -Z 
macro-backtrace for more info)

error[E0119]: conflicting implementations of trait `TryFromVal<soroban_sdk::Env, soroban_sdk::xdr::ScVal>` for type 
`types::TokenEarnings`
   --> contracts\subscription_vault\src\types.rs:943:1
    |
508 | #[contracttype]
    | --------------- first implementation here
...
943 | #[contracttype]
    | ^^^^^^^^^^^^^^^ conflicting implementation for `types::TokenEarnings`
    |
    = note: this error originates in the attribute macro `contracttype` (in Nightly builds, run with -Z 
macro-backtrace for more info)

error[E0119]: conflicting implementations of trait `TryFromVal<soroban_sdk::Env, soroban_sdk::Val>` for type 
`types::TokenReconciliationSnapshot`
   --> contracts\subscription_vault\src\types.rs:952:1
    |
520 | #[contracttype]
    | --------------- first implementation here
...
952 | #[contracttype]
    | ^^^^^^^^^^^^^^^ conflicting implementation for `types::TokenReconciliationSnapshot`
    |
    = note: this error originates in the attribute macro `contracttype` (in Nightly builds, run with -Z 
macro-backtrace for more info)

error[E0119]: conflicting implementations of trait `TryFromVal<soroban_sdk::Env, types::TokenReconciliationSnapshot>` 
for type `soroban_sdk::Val`
   --> contracts\subscription_vault\src\types.rs:952:1
    |
520 | #[contracttype]
    | --------------- first implementation here
...
952 | #[contracttype]
    | ^^^^^^^^^^^^^^^ conflicting implementation for `soroban_sdk::Val`
    |
    = note: this error originates in the attribute macro `contracttype` (in Nightly builds, run with -Z 
macro-backtrace for more info)

error[E0119]: conflicting implementations of trait `TryFromVal<soroban_sdk::Env, soroban_sdk::xdr::ScMap>` for type 
`types::TokenReconciliationSnapshot`
   --> contracts\subscription_vault\src\types.rs:952:1
    |
520 | #[contracttype]
    | --------------- first implementation here
...
952 | #[contracttype]
    | ^^^^^^^^^^^^^^^ conflicting implementation for `types::TokenReconciliationSnapshot`
    |
    = note: this error originates in the attribute macro `contracttype` (in Nightly builds, run with -Z 
macro-backtrace for more info)

error[E0119]: conflicting implementations of trait `TryFromVal<soroban_sdk::Env, soroban_sdk::xdr::ScVal>` for type 
`types::TokenReconciliationSnapshot`
   --> contracts\subscription_vault\src\types.rs:952:1
    |
520 | #[contracttype]
    | --------------- first implementation here
...
952 | #[contracttype]
    | ^^^^^^^^^^^^^^^ conflicting implementation for `types::TokenReconciliationSnapshot`
    |
    = note: this error originates in the attribute macro `contracttype` (in Nightly builds, run with -Z 
macro-backtrace for more info)

error[E0119]: conflicting implementations of trait `TryFromVal<soroban_sdk::Env, soroban_sdk::Val>` for type 
`types::AccruedTotals`
   --> contracts\subscription_vault\src\types.rs:987:1
    |
496 | #[contracttype]
    | --------------- first implementation here
...
987 | #[contracttype]
    | ^^^^^^^^^^^^^^^ conflicting implementation for `types::AccruedTotals`
    |
    = note: this error originates in the attribute macro `contracttype` (in Nightly builds, run with -Z 
macro-backtrace for more info)

error[E0119]: conflicting implementations of trait `TryFromVal<soroban_sdk::Env, types::AccruedTotals>` for type 
`soroban_sdk::Val`
   --> contracts\subscription_vault\src\types.rs:987:1
    |
496 | #[contracttype]
    | --------------- first implementation here
...
987 | #[contracttype]
    | ^^^^^^^^^^^^^^^ conflicting implementation for `soroban_sdk::Val`
    |
    = note: this error originates in the attribute macro `contracttype` (in Nightly builds, run with -Z 
macro-backtrace for more info)

error[E0119]: conflicting implementations of trait `TryFromVal<soroban_sdk::Env, soroban_sdk::xdr::ScMap>` for type 
`types::AccruedTotals`
   --> contracts\subscription_vault\src\types.rs:987:1
    |
496 | #[contracttype]
    | --------------- first implementation here
...
987 | #[contracttype]
    | ^^^^^^^^^^^^^^^ conflicting implementation for `types::AccruedTotals`
    |
    = note: this error originates in the attribute macro `contracttype` (in Nightly builds, run with -Z 
macro-backtrace for more info)

error[E0119]: conflicting implementations of trait `TryFromVal<soroban_sdk::Env, soroban_sdk::xdr::ScVal>` for type 
`types::AccruedTotals`
   --> contracts\subscription_vault\src\types.rs:987:1
    |
496 | #[contracttype]
    | --------------- first implementation here
...
987 | #[contracttype]
    | ^^^^^^^^^^^^^^^ conflicting implementation for `types::AccruedTotals`
    |
    = note: this error originates in the attribute macro `contracttype` (in Nightly builds, run with -Z 
macro-backtrace for more info)

error[E0119]: conflicting implementations of trait `TryFromVal<soroban_sdk::Env, soroban_sdk::Val>` for type 
`types::TokenEarnings`
   --> contracts\subscription_vault\src\types.rs:999:1
    |
508 | #[contracttype]
    | --------------- first implementation here
...
999 | #[contracttype]
    | ^^^^^^^^^^^^^^^ conflicting implementation for `types::TokenEarnings`
    |
    = note: this error originates in the attribute macro `contracttype` (in Nightly builds, run with -Z 
macro-backtrace for more info)

error[E0119]: conflicting implementations of trait `TryFromVal<soroban_sdk::Env, types::TokenEarnings>` for type 
`soroban_sdk::Val`
   --> contracts\subscription_vault\src\types.rs:999:1
    |
508 | #[contracttype]
    | --------------- first implementation here
...
999 | #[contracttype]
    | ^^^^^^^^^^^^^^^ conflicting implementation for `soroban_sdk::Val`
    |
    = note: this error originates in the attribute macro `contracttype` (in Nightly builds, run with -Z 
macro-backtrace for more info)

error[E0119]: conflicting implementations of trait `TryFromVal<soroban_sdk::Env, soroban_sdk::xdr::ScMap>` for type 
`types::TokenEarnings`
   --> contracts\subscription_vault\src\types.rs:999:1
    |
508 | #[contracttype]
    | --------------- first implementation here
...
999 | #[contracttype]
    | ^^^^^^^^^^^^^^^ conflicting implementation for `types::TokenEarnings`
    |
    = note: this error originates in the attribute macro `contracttype` (in Nightly builds, run with -Z 
macro-backtrace for more info)

error[E0119]: conflicting implementations of trait `TryFromVal<soroban_sdk::Env, soroban_sdk::xdr::ScVal>` for type 
`types::TokenEarnings`
   --> contracts\subscription_vault\src\types.rs:999:1
    |
508 | #[contracttype]
    | --------------- first implementation here
...
999 | #[contracttype]
    | ^^^^^^^^^^^^^^^ conflicting implementation for `types::TokenEarnings`
    |
    = note: this error originates in the attribute macro `contracttype` (in Nightly builds, run with -Z 
macro-backtrace for more info)

error[E0119]: conflicting implementations of trait `TryFromVal<soroban_sdk::Env, soroban_sdk::Val>` for type 
`types::TokenReconciliationSnapshot`
    --> contracts\subscription_vault\src\types.rs:1011:1
     |
 520 | #[contracttype]
     | --------------- first implementation here
...
1011 | #[contracttype]
     | ^^^^^^^^^^^^^^^ conflicting implementation for `types::TokenReconciliationSnapshot`
     |
     = note: this error originates in the attribute macro `contracttype` (in Nightly builds, run with -Z 
macro-backtrace for more info)

error[E0119]: conflicting implementations of trait `TryFromVal<soroban_sdk::Env, types::TokenReconciliationSnapshot>` 
for type `soroban_sdk::Val`
    --> contracts\subscription_vault\src\types.rs:1011:1
     |
 520 | #[contracttype]
     | --------------- first implementation here
...
1011 | #[contracttype]
     | ^^^^^^^^^^^^^^^ conflicting implementation for `soroban_sdk::Val`
     |
     = note: this error originates in the attribute macro `contracttype` (in Nightly builds, run with -Z 
macro-backtrace for more info)

error[E0119]: conflicting implementations of trait `TryFromVal<soroban_sdk::Env, soroban_sdk::xdr::ScMap>` for type 
`types::TokenReconciliationSnapshot`
    --> contracts\subscription_vault\src\types.rs:1011:1
     |
 520 | #[contracttype]
     | --------------- first implementation here
...
1011 | #[contracttype]
     | ^^^^^^^^^^^^^^^ conflicting implementation for `types::TokenReconciliationSnapshot`
     |
     = note: this error originates in the attribute macro `contracttype` (in Nightly builds, run with -Z 
macro-backtrace for more info)

error[E0119]: conflicting implementations of trait `TryFromVal<soroban_sdk::Env, soroban_sdk::xdr::ScVal>` for type 
`types::TokenReconciliationSnapshot`
    --> contracts\subscription_vault\src\types.rs:1011:1
     |
 520 | #[contracttype]
     | --------------- first implementation here
...
1011 | #[contracttype]
     | ^^^^^^^^^^^^^^^ conflicting implementation for `types::TokenReconciliationSnapshot`
     |
     = note: this error originates in the attribute macro `contracttype` (in Nightly builds, run with -Z 
macro-backtrace for more info)

error[E0119]: conflicting implementations of trait `TryFrom<&types::AccruedTotals>` for type `soroban_sdk::xdr::ScMap`
   --> contracts\subscription_vault\src\types.rs:934:1
    |
496 | #[contracttype]
    | --------------- first implementation here
...
934 | #[contracttype]
    | ^^^^^^^^^^^^^^^ conflicting implementation for `soroban_sdk::xdr::ScMap`
    |
    = note: this error originates in the attribute macro `contracttype` (in Nightly builds, run with -Z 
macro-backtrace for more info)

error[E0119]: conflicting implementations of trait `TryFrom<types::AccruedTotals>` for type `soroban_sdk::xdr::ScMap`
   --> contracts\subscription_vault\src\types.rs:934:1
    |
496 | #[contracttype]
    | --------------- first implementation here
...
934 | #[contracttype]
    | ^^^^^^^^^^^^^^^ conflicting implementation for `soroban_sdk::xdr::ScMap`
    |
    = note: this error originates in the attribute macro `contracttype` (in Nightly builds, run with -Z 
macro-backtrace for more info)

error[E0119]: conflicting implementations of trait `TryFrom<&types::AccruedTotals>` for type `soroban_sdk::xdr::ScVal`
   --> contracts\subscription_vault\src\types.rs:934:1
    |
496 | #[contracttype]
    | --------------- first implementation here
...
934 | #[contracttype]
    | ^^^^^^^^^^^^^^^ conflicting implementation for `soroban_sdk::xdr::ScVal`
    |
    = note: this error originates in the attribute macro `contracttype` (in Nightly builds, run with -Z 
macro-backtrace for more info)

error[E0119]: conflicting implementations of trait `TryFrom<types::AccruedTotals>` for type `soroban_sdk::xdr::ScVal`
   --> contracts\subscription_vault\src\types.rs:934:1
    |
496 | #[contracttype]
    | --------------- first implementation here
...
934 | #[contracttype]
    | ^^^^^^^^^^^^^^^ conflicting implementation for `soroban_sdk::xdr::ScVal`
    |
    = note: this error originates in the attribute macro `contracttype` (in Nightly builds, run with -Z 
macro-backtrace for more info)

error[E0119]: conflicting implementations of trait `TryFrom<&types::TokenEarnings>` for type `soroban_sdk::xdr::ScMap`
   --> contracts\subscription_vault\src\types.rs:943:1
    |
508 | #[contracttype]
    | --------------- first implementation here
...
943 | #[contracttype]
    | ^^^^^^^^^^^^^^^ conflicting implementation for `soroban_sdk::xdr::ScMap`
    |
    = note: this error originates in the attribute macro `contracttype` (in Nightly builds, run with -Z 
macro-backtrace for more info)

error[E0119]: conflicting implementations of trait `TryFrom<types::TokenEarnings>` for type `soroban_sdk::xdr::ScMap`
   --> contracts\subscription_vault\src\types.rs:943:1
    |
508 | #[contracttype]
    | --------------- first implementation here
...
943 | #[contracttype]
    | ^^^^^^^^^^^^^^^ conflicting implementation for `soroban_sdk::xdr::ScMap`
    |
    = note: this error originates in the attribute macro `contracttype` (in Nightly builds, run with -Z 
macro-backtrace for more info)

error[E0119]: conflicting implementations of trait `TryFrom<&types::TokenEarnings>` for type `soroban_sdk::xdr::ScVal`
   --> contracts\subscription_vault\src\types.rs:943:1
    |
508 | #[contracttype]
    | --------------- first implementation here
...
943 | #[contracttype]
    | ^^^^^^^^^^^^^^^ conflicting implementation for `soroban_sdk::xdr::ScVal`
    |
    = note: this error originates in the attribute macro `contracttype` (in Nightly builds, run with -Z 
macro-backtrace for more info)

error[E0119]: conflicting implementations of trait `TryFrom<types::TokenEarnings>` for type `soroban_sdk::xdr::ScVal`
   --> contracts\subscription_vault\src\types.rs:943:1
    |
508 | #[contracttype]
    | --------------- first implementation here
...
943 | #[contracttype]
    | ^^^^^^^^^^^^^^^ conflicting implementation for `soroban_sdk::xdr::ScVal`
    |
    = note: this error originates in the attribute macro `contracttype` (in Nightly builds, run with -Z 
macro-backtrace for more info)

error[E0119]: conflicting implementations of trait `TryFrom<&types::TokenReconciliationSnapshot>` for type 
`soroban_sdk::xdr::ScMap`
   --> contracts\subscription_vault\src\types.rs:952:1
    |
520 | #[contracttype]
    | --------------- first implementation here
...
952 | #[contracttype]
    | ^^^^^^^^^^^^^^^ conflicting implementation for `soroban_sdk::xdr::ScMap`
    |
    = note: this error originates in the attribute macro `contracttype` (in Nightly builds, run with -Z 
macro-backtrace for more info)

error[E0119]: conflicting implementations of trait `TryFrom<types::TokenReconciliationSnapshot>` for type 
`soroban_sdk::xdr::ScMap`
   --> contracts\subscription_vault\src\types.rs:952:1
    |
520 | #[contracttype]
    | --------------- first implementation here
...
952 | #[contracttype]
    | ^^^^^^^^^^^^^^^ conflicting implementation for `soroban_sdk::xdr::ScMap`
    |
    = note: this error originates in the attribute macro `contracttype` (in Nightly builds, run with -Z 
macro-backtrace for more info)

error[E0119]: conflicting implementations of trait `TryFrom<&types::TokenReconciliationSnapshot>` for type 
`soroban_sdk::xdr::ScVal`
   --> contracts\subscription_vault\src\types.rs:952:1
    |
520 | #[contracttype]
    | --------------- first implementation here
...
952 | #[contracttype]
    | ^^^^^^^^^^^^^^^ conflicting implementation for `soroban_sdk::xdr::ScVal`
    |
    = note: this error originates in the attribute macro `contracttype` (in Nightly builds, run with -Z 
macro-backtrace for more info)

error[E0119]: conflicting implementations of trait `TryFrom<types::TokenReconciliationSnapshot>` for type 
`soroban_sdk::xdr::ScVal`
   --> contracts\subscription_vault\src\types.rs:952:1
    |
520 | #[contracttype]
    | --------------- first implementation here
...
952 | #[contracttype]
    | ^^^^^^^^^^^^^^^ conflicting implementation for `soroban_sdk::xdr::ScVal`
    |
    = note: this error originates in the attribute macro `contracttype` (in Nightly builds, run with -Z 
macro-backtrace for more info)

error[E0119]: conflicting implementations of trait `TryFrom<&types::AccruedTotals>` for type `soroban_sdk::xdr::ScMap`
   --> contracts\subscription_vault\src\types.rs:987:1
    |
496 | #[contracttype]
    | --------------- first implementation here
...
987 | #[contracttype]
    | ^^^^^^^^^^^^^^^ conflicting implementation for `soroban_sdk::xdr::ScMap`
    |
    = note: this error originates in the attribute macro `contracttype` (in Nightly builds, run with -Z 
macro-backtrace for more info)

error[E0119]: conflicting implementations of trait `TryFrom<types::AccruedTotals>` for type `soroban_sdk::xdr::ScMap`
   --> contracts\subscription_vault\src\types.rs:987:1
    |
496 | #[contracttype]
    | --------------- first implementation here
...
987 | #[contracttype]
    | ^^^^^^^^^^^^^^^ conflicting implementation for `soroban_sdk::xdr::ScMap`
    |
    = note: this error originates in the attribute macro `contracttype` (in Nightly builds, run with -Z 
macro-backtrace for more info)

error[E0119]: conflicting implementations of trait `TryFrom<&types::AccruedTotals>` for type `soroban_sdk::xdr::ScVal`
   --> contracts\subscription_vault\src\types.rs:987:1
    |
496 | #[contracttype]
    | --------------- first implementation here
...
987 | #[contracttype]
    | ^^^^^^^^^^^^^^^ conflicting implementation for `soroban_sdk::xdr::ScVal`
    |
    = note: this error originates in the attribute macro `contracttype` (in Nightly builds, run with -Z 
macro-backtrace for more info)

error[E0119]: conflicting implementations of trait `TryFrom<types::AccruedTotals>` for type `soroban_sdk::xdr::ScVal`
   --> contracts\subscription_vault\src\types.rs:987:1
    |
496 | #[contracttype]
    | --------------- first implementation here
...
987 | #[contracttype]
    | ^^^^^^^^^^^^^^^ conflicting implementation for `soroban_sdk::xdr::ScVal`
    |
    = note: this error originates in the attribute macro `contracttype` (in Nightly builds, run with -Z 
macro-backtrace for more info)

error[E0119]: conflicting implementations of trait `TryFrom<&types::TokenEarnings>` for type `soroban_sdk::xdr::ScMap`
   --> contracts\subscription_vault\src\types.rs:999:1
    |
508 | #[contracttype]
    | --------------- first implementation here
...
999 | #[contracttype]
    | ^^^^^^^^^^^^^^^ conflicting implementation for `soroban_sdk::xdr::ScMap`
    |
    = note: this error originates in the attribute macro `contracttype` (in Nightly builds, run with -Z 
macro-backtrace for more info)

error[E0119]: conflicting implementations of trait `TryFrom<types::TokenEarnings>` for type `soroban_sdk::xdr::ScMap`
   --> contracts\subscription_vault\src\types.rs:999:1
    |
508 | #[contracttype]
    | --------------- first implementation here
...
999 | #[contracttype]
    | ^^^^^^^^^^^^^^^ conflicting implementation for `soroban_sdk::xdr::ScMap`
    |
    = note: this error originates in the attribute macro `contracttype` (in Nightly builds, run with -Z 
macro-backtrace for more info)

error[E0119]: conflicting implementations of trait `TryFrom<&types::TokenEarnings>` for type `soroban_sdk::xdr::ScVal`
   --> contracts\subscription_vault\src\types.rs:999:1
    |
508 | #[contracttype]
    | --------------- first implementation here
...
999 | #[contracttype]
    | ^^^^^^^^^^^^^^^ conflicting implementation for `soroban_sdk::xdr::ScVal`
    |
    = note: this error originates in the attribute macro `contracttype` (in Nightly builds, run with -Z 
macro-backtrace for more info)

error[E0119]: conflicting implementations of trait `TryFrom<types::TokenEarnings>` for type `soroban_sdk::xdr::ScVal`
   --> contracts\subscription_vault\src\types.rs:999:1
    |
508 | #[contracttype]
    | --------------- first implementation here
...
999 | #[contracttype]
    | ^^^^^^^^^^^^^^^ conflicting implementation for `soroban_sdk::xdr::ScVal`
    |
    = note: this error originates in the attribute macro `contracttype` (in Nightly builds, run with -Z 
macro-backtrace for more info)

error[E0119]: conflicting implementations of trait `TryFrom<&types::TokenReconciliationSnapshot>` for type 
`soroban_sdk::xdr::ScMap`
    --> contracts\subscription_vault\src\types.rs:1011:1
     |
 520 | #[contracttype]
     | --------------- first implementation here
...
1011 | #[contracttype]
     | ^^^^^^^^^^^^^^^ conflicting implementation for `soroban_sdk::xdr::ScMap`
     |
     = note: this error originates in the attribute macro `contracttype` (in Nightly builds, run with -Z 
macro-backtrace for more info)

error[E0119]: conflicting implementations of trait `TryFrom<types::TokenReconciliationSnapshot>` for type 
`soroban_sdk::xdr::ScMap`
    --> contracts\subscription_vault\src\types.rs:1011:1
     |
 520 | #[contracttype]
     | --------------- first implementation here
...
1011 | #[contracttype]
     | ^^^^^^^^^^^^^^^ conflicting implementation for `soroban_sdk::xdr::ScMap`
     |
     = note: this error originates in the attribute macro `contracttype` (in Nightly builds, run with -Z 
macro-backtrace for more info)

error[E0119]: conflicting implementations of trait `TryFrom<&types::TokenReconciliationSnapshot>` for type 
`soroban_sdk::xdr::ScVal`
    --> contracts\subscription_vault\src\types.rs:1011:1
     |
 520 | #[contracttype]
     | --------------- first implementation here
...
1011 | #[contracttype]
     | ^^^^^^^^^^^^^^^ conflicting implementation for `soroban_sdk::xdr::ScVal`
     |
     = note: this error originates in the attribute macro `contracttype` (in Nightly builds, run with -Z 
macro-backtrace for more info)

error[E0119]: conflicting implementations of trait `TryFrom<types::TokenReconciliationSnapshot>` for type 
`soroban_sdk::xdr::ScVal`
    --> contracts\subscription_vault\src\types.rs:1011:1
     |
 520 | #[contracttype]
     | --------------- first implementation here
...
1011 | #[contracttype]
     | ^^^^^^^^^^^^^^^ conflicting implementation for `soroban_sdk::xdr::ScVal`
     |
     = note: this error originates in the attribute macro `contracttype` (in Nightly builds, run with -Z 
macro-backtrace for more info)

error[E0119]: conflicting implementations of trait `SorobanArbitrary` for type `types::AccruedTotals`
   --> contracts\subscription_vault\src\types.rs:934:1
    |
496 | #[contracttype]
    | --------------- first implementation here
...
934 | #[contracttype]
    | ^^^^^^^^^^^^^^^ conflicting implementation for `types::AccruedTotals`
    |
    = note: this error originates in the attribute macro `contracttype` (in Nightly builds, run with -Z 
macro-backtrace for more info)

error[E0119]: conflicting implementations of trait `SorobanArbitrary` for type `types::TokenEarnings`
   --> contracts\subscription_vault\src\types.rs:943:1
    |
508 | #[contracttype]
    | --------------- first implementation here
...
943 | #[contracttype]
    | ^^^^^^^^^^^^^^^ conflicting implementation for `types::TokenEarnings`
    |
    = note: this error originates in the attribute macro `contracttype` (in Nightly builds, run with -Z 
macro-backtrace for more info)

error[E0119]: conflicting implementations of trait `SorobanArbitrary` for type `types::TokenReconciliationSnapshot`
   --> contracts\subscription_vault\src\types.rs:952:1
    |
520 | #[contracttype]
    | --------------- first implementation here
...
952 | #[contracttype]
    | ^^^^^^^^^^^^^^^ conflicting implementation for `types::TokenReconciliationSnapshot`
    |
    = note: this error originates in the attribute macro `contracttype` (in Nightly builds, run with -Z 
macro-backtrace for more info)

error[E0119]: conflicting implementations of trait `SorobanArbitrary` for type `types::AccruedTotals`
   --> contracts\subscription_vault\src\types.rs:987:1
    |
496 | #[contracttype]
    | --------------- first implementation here
...
987 | #[contracttype]
    | ^^^^^^^^^^^^^^^ conflicting implementation for `types::AccruedTotals`
    |
    = note: this error originates in the attribute macro `contracttype` (in Nightly builds, run with -Z 
macro-backtrace for more info)

error[E0119]: conflicting implementations of trait `SorobanArbitrary` for type `types::TokenEarnings`
   --> contracts\subscription_vault\src\types.rs:999:1
    |
508 | #[contracttype]
    | --------------- first implementation here
...
999 | #[contracttype]
    | ^^^^^^^^^^^^^^^ conflicting implementation for `types::TokenEarnings`
    |
    = note: this error originates in the attribute macro `contracttype` (in Nightly builds, run with -Z 
macro-backtrace for more info)

error[E0119]: conflicting implementations of trait `SorobanArbitrary` for type `types::TokenReconciliationSnapshot`
    --> contracts\subscription_vault\src\types.rs:1011:1
     |
 520 | #[contracttype]
     | --------------- first implementation here
...
1011 | #[contracttype]
     | ^^^^^^^^^^^^^^^ conflicting implementation for `types::TokenReconciliationSnapshot`
     |
     = note: this error originates in the attribute macro `contracttype` (in Nightly builds, run with -Z 
macro-backtrace for more info)

error[E0592]: duplicate definitions with name `spec_xdr`
   --> contracts\subscription_vault\src\types.rs:496:1
    |
496 | #[contracttype]
    | ^^^^^^^^^^^^^^^ duplicate definitions for `spec_xdr`
...
934 | #[contracttype]
    | --------------- other definition for `spec_xdr`
    |
    = note: this error originates in the attribute macro `contracttype` (in Nightly builds, run with -Z 
macro-backtrace for more info)

error[E0592]: duplicate definitions with name `spec_xdr`
   --> contracts\subscription_vault\src\types.rs:496:1
    |
496 | #[contracttype]
    | ^^^^^^^^^^^^^^^ duplicate definitions for `spec_xdr`
...
987 | #[contracttype]
    | --------------- other definition for `spec_xdr`
    |
    = note: this error originates in the attribute macro `contracttype` (in Nightly builds, run with -Z 
macro-backtrace for more info)

error[E0592]: duplicate definitions with name `spec_xdr`
   --> contracts\subscription_vault\src\types.rs:934:1
    |
934 | #[contracttype]
    | ^^^^^^^^^^^^^^^ duplicate definitions for `spec_xdr`
...
987 | #[contracttype]
    | --------------- other definition for `spec_xdr`
    |
    = note: this error originates in the attribute macro `contracttype` (in Nightly builds, run with -Z 
macro-backtrace for more info)

error[E0592]: duplicate definitions with name `spec_xdr`
   --> contracts\subscription_vault\src\types.rs:508:1
    |
508 | #[contracttype]
    | ^^^^^^^^^^^^^^^ duplicate definitions for `spec_xdr`
...
943 | #[contracttype]
    | --------------- other definition for `spec_xdr`
    |
    = note: this error originates in the attribute macro `contracttype` (in Nightly builds, run with -Z 
macro-backtrace for more info)

error[E0592]: duplicate definitions with name `spec_xdr`
   --> contracts\subscription_vault\src\types.rs:508:1
    |
508 | #[contracttype]
    | ^^^^^^^^^^^^^^^ duplicate definitions for `spec_xdr`
...
999 | #[contracttype]
    | --------------- other definition for `spec_xdr`
    |
    = note: this error originates in the attribute macro `contracttype` (in Nightly builds, run with -Z 
macro-backtrace for more info)

error[E0592]: duplicate definitions with name `spec_xdr`
   --> contracts\subscription_vault\src\types.rs:943:1
    |
943 | #[contracttype]
    | ^^^^^^^^^^^^^^^ duplicate definitions for `spec_xdr`
...
999 | #[contracttype]
    | --------------- other definition for `spec_xdr`
    |
    = note: this error originates in the attribute macro `contracttype` (in Nightly builds, run with -Z 
macro-backtrace for more info)

error[E0592]: duplicate definitions with name `spec_xdr`
   --> contracts\subscription_vault\src\types.rs:520:1
    |
520 | #[contracttype]
    | ^^^^^^^^^^^^^^^ duplicate definitions for `spec_xdr`
...
952 | #[contracttype]
    | --------------- other definition for `spec_xdr`
    |
    = note: this error originates in the attribute macro `contracttype` (in Nightly builds, run with -Z 
macro-backtrace for more info)

error[E0592]: duplicate definitions with name `spec_xdr`
    --> contracts\subscription_vault\src\types.rs:520:1
     |
 520 | #[contracttype]
     | ^^^^^^^^^^^^^^^ duplicate definitions for `spec_xdr`
...
1011 | #[contracttype]
     | --------------- other definition for `spec_xdr`
     |
     = note: this error originates in the attribute macro `contracttype` (in Nightly builds, run with -Z 
macro-backtrace for more info)

error[E0592]: duplicate definitions with name `spec_xdr`
    --> contracts\subscription_vault\src\types.rs:952:1
     |
 952 | #[contracttype]
     | ^^^^^^^^^^^^^^^ duplicate definitions for `spec_xdr`
...
1011 | #[contracttype]
     | --------------- other definition for `spec_xdr`
     |
     = note: this error originates in the attribute macro `contracttype` (in Nightly builds, run with -Z 
macro-backtrace for more info)

error[E0034]: multiple applicable items in scope
   --> contracts\subscription_vault\src\types.rs:496:1
    |
496 | #[contracttype]
    | ^^^^^^^^^^^^^^^ multiple `spec_xdr` found
    |
note: candidate #1 is defined in an impl for the type `types::AccruedTotals`
   --> contracts\subscription_vault\src\types.rs:496:1
    |
496 | #[contracttype]
    | ^^^^^^^^^^^^^^^
note: candidate #2 is defined in an impl for the type `types::AccruedTotals`
   --> contracts\subscription_vault\src\types.rs:934:1
    |
934 | #[contracttype]
    | ^^^^^^^^^^^^^^^
note: candidate #3 is defined in an impl for the type `types::AccruedTotals`
   --> contracts\subscription_vault\src\types.rs:987:1
    |
987 | #[contracttype]
    | ^^^^^^^^^^^^^^^
    = note: this error originates in the attribute macro `contracttype` (in Nightly builds, run with -Z 
macro-backtrace for more info)

error[E0283]: type annotations needed
   --> contracts\subscription_vault\src\types.rs:496:15
    |
496 | #[contracttype]
    |               ^ cannot infer type
    |
    = note: multiple `impl`s satisfying `soroban_sdk::xdr::Error: From<_>` found in the following crates: 
`soroban_env_common`, `stellar_xdr`:
            - impl From<FromUtf8Error> for soroban_sdk::xdr::Error;
            - impl From<TryFromSliceError> for soroban_sdk::xdr::Error;
            - impl From<core::str::Utf8Error> for soroban_sdk::xdr::Error;
            - impl From<soroban_sdk::Error> for soroban_sdk::xdr::Error;
            - impl From<stellar_strkey::error::DecodeError> for soroban_sdk::xdr::Error;
            - impl From<test_auth_fuzz::std::io::Error> for soroban_sdk::xdr::Error;
    = note: this error originates in the attribute macro `contracttype` (in Nightly builds, run with -Z 
macro-backtrace for more info)

error[E0034]: multiple applicable items in scope
   --> contracts\subscription_vault\src\types.rs:508:1
    |
508 | #[contracttype]
    | ^^^^^^^^^^^^^^^ multiple `spec_xdr` found
    |
note: candidate #1 is defined in an impl for the type `types::TokenEarnings`
   --> contracts\subscription_vault\src\types.rs:508:1
    |
508 | #[contracttype]
    | ^^^^^^^^^^^^^^^
note: candidate #2 is defined in an impl for the type `types::TokenEarnings`
   --> contracts\subscription_vault\src\types.rs:943:1
    |
943 | #[contracttype]
    | ^^^^^^^^^^^^^^^
note: candidate #3 is defined in an impl for the type `types::TokenEarnings`
   --> contracts\subscription_vault\src\types.rs:999:1
    |
999 | #[contracttype]
    | ^^^^^^^^^^^^^^^
    = note: this error originates in the attribute macro `contracttype` (in Nightly builds, run with -Z 
macro-backtrace for more info)

error[E0283]: type annotations needed
   --> contracts\subscription_vault\src\types.rs:508:15
    |
508 | #[contracttype]
    |               ^ cannot infer type
    |
    = note: multiple `impl`s satisfying `soroban_sdk::xdr::Error: From<_>` found in the following crates: 
`soroban_env_common`, `stellar_xdr`:
            - impl From<FromUtf8Error> for soroban_sdk::xdr::Error;
            - impl From<TryFromSliceError> for soroban_sdk::xdr::Error;
            - impl From<core::str::Utf8Error> for soroban_sdk::xdr::Error;
            - impl From<soroban_sdk::Error> for soroban_sdk::xdr::Error;
            - impl From<stellar_strkey::error::DecodeError> for soroban_sdk::xdr::Error;
            - impl From<test_auth_fuzz::std::io::Error> for soroban_sdk::xdr::Error;
    = note: this error originates in the attribute macro `contracttype` (in Nightly builds, run with -Z 
macro-backtrace for more info)

error[E0283]: type annotations needed
   --> contracts\subscription_vault\src\types.rs:508:1
    |
508 | #[contracttype]
    | ^^^^^^^^^^^^^^^ cannot infer type
    |
    = note: cannot satisfy `_: Ord`

error[E0283]: type annotations needed
   --> contracts\subscription_vault\src\types.rs:508:1
    |
508 | #[contracttype]
    | ^^^^^^^^^^^^^^^ cannot infer type
    |
    = note: cannot satisfy `_: PartialOrd<_>`

error: this function depends on never type fallback being `()`
   --> contracts\subscription_vault\src\types.rs:508:1
    |
508 | #[contracttype]
    | ^^^^^^^^^^^^^^^
    |
    = warning: this was previously accepted by the compiler but is being phased out; it will become a hard error in 
Rust 2024 and in a future release in all editions!
    = note: for more information, see <https://doc.rust-lang.org/edition-guide/rust-2024/never-type-fallback.html>
    = help: specify the types explicitly
note: in edition 2024, the requirement `!: Arbitrary<'_>` will fail
   --> contracts\subscription_vault\src\types.rs:508:1
    |
508 | #[contracttype]
    | ^^^^^^^^^^^^^^^
    = note: `#[deny(dependency_on_unit_never_type_fallback)]` (part of `#[deny(rust_2024_compatibility)]`) on by 
default
    = note: this error originates in the derive macro `soroban_sdk::testutils::arbitrary::arbitrary::Arbitrary` (in 
Nightly builds, run with -Z macro-backtrace for more info)

error: this function depends on never type fallback being `()`
   --> contracts\subscription_vault\src\types.rs:508:1
    |
508 | #[contracttype]
    | ^^^^^^^^^^^^^^^
    |
    = warning: this was previously accepted by the compiler but is being phased out; it will become a hard error in 
Rust 2024 and in a future release in all editions!
    = note: for more information, see <https://doc.rust-lang.org/edition-guide/rust-2024/never-type-fallback.html>
    = help: specify the types explicitly
note: in edition 2024, the requirement `!: Arbitrary<'_>` will fail
   --> contracts\subscription_vault\src\types.rs:508:1
    |
508 | #[contracttype]
    | ^^^^^^^^^^^^^^^
    = note: this error originates in the derive macro `soroban_sdk::testutils::arbitrary::arbitrary::Arbitrary` (in 
Nightly builds, run with -Z macro-backtrace for more info)

error[E0283]: type annotations needed
   --> contracts\subscription_vault\src\types.rs:508:1
    |
508 | #[contracttype]
    | ^^^^^^^^^^^^^^^ cannot infer type
    |
    = note: cannot satisfy `_: IntoVal<soroban_sdk::Env, types::AccruedTotals>`
    = help: the following types implement trait `IntoVal<E, T>`:
              `Fp2` implements `IntoVal<Env, ...>`
              `G1Affine` implements `IntoVal<Env, ...>`
              `G2Affine` implements `IntoVal<Env, ...>`
              `soroban_sdk::crypto::Hash<N>` implements `IntoVal<soroban_sdk::Env, soroban_sdk::BytesN<N>>`
              `soroban_sdk::crypto::Hash<N>` implements `IntoVal<soroban_sdk::Env, soroban_sdk::Val>`
              `soroban_sdk::crypto::bls12_381::Fp` implements `IntoVal<Env, ...>`
    = note: the full name for the type has been written to 'C:\Users\ADMIN\Desktop\kweb-drips\stellabill-contracts\targ
et\debug\deps\subscription_vault-df0147f5d56ac4fb.long-type-14924332384851934831.txt'
    = note: consider using `--verbose` to print the full type name to the console
    = note: this error originates in the attribute macro `contracttype` (in Nightly builds, run with -Z 
macro-backtrace for more info)

error[E0034]: multiple applicable items in scope
    --> contracts\subscription_vault\src\types.rs:520:1
     |
 520 | #[contracttype]
     | ^^^^^^^^^^^^^^^ multiple `spec_xdr` found
     |
note: candidate #1 is defined in an impl for the type `types::TokenReconciliationSnapshot`
    --> contracts\subscription_vault\src\types.rs:520:1
     |
 520 | #[contracttype]
     | ^^^^^^^^^^^^^^^
note: candidate #2 is defined in an impl for the type `types::TokenReconciliationSnapshot`
    --> contracts\subscription_vault\src\types.rs:952:1
     |
 952 | #[contracttype]
     | ^^^^^^^^^^^^^^^
note: candidate #3 is defined in an impl for the type `types::TokenReconciliationSnapshot`
    --> contracts\subscription_vault\src\types.rs:1011:1
     |
1011 | #[contracttype]
     | ^^^^^^^^^^^^^^^
     = note: this error originates in the attribute macro `contracttype` (in Nightly builds, run with -Z 
macro-backtrace for more info)

error[E0283]: type annotations needed
   --> contracts\subscription_vault\src\types.rs:520:15
    |
520 | #[contracttype]
    |               ^ cannot infer type
    |
    = note: multiple `impl`s satisfying `soroban_sdk::xdr::Error: From<_>` found in the following crates: 
`soroban_env_common`, `stellar_xdr`:
            - impl From<FromUtf8Error> for soroban_sdk::xdr::Error;
            - impl From<TryFromSliceError> for soroban_sdk::xdr::Error;
            - impl From<core::str::Utf8Error> for soroban_sdk::xdr::Error;
            - impl From<soroban_sdk::Error> for soroban_sdk::xdr::Error;
            - impl From<stellar_strkey::error::DecodeError> for soroban_sdk::xdr::Error;
            - impl From<test_auth_fuzz::std::io::Error> for soroban_sdk::xdr::Error;
    = note: this error originates in the attribute macro `contracttype` (in Nightly builds, run with -Z 
macro-backtrace for more info)

error[E0283]: type annotations needed
   --> contracts\subscription_vault\src\types.rs:536:1
    |
536 | #[contracttype]
    | ^^^^^^^^^^^^^^^ cannot infer type
    |
    = note: cannot satisfy `_: Ord`

error[E0283]: type annotations needed
   --> contracts\subscription_vault\src\types.rs:536:1
    |
536 | #[contracttype]
    | ^^^^^^^^^^^^^^^ cannot infer type
    |
    = note: cannot satisfy `_: PartialOrd<_>`

error: this function depends on never type fallback being `()`
   --> contracts\subscription_vault\src\types.rs:536:1
    |
536 | #[contracttype]
    | ^^^^^^^^^^^^^^^
    |
    = warning: this was previously accepted by the compiler but is being phased out; it will become a hard error in 
Rust 2024 and in a future release in all editions!
    = note: for more information, see <https://doc.rust-lang.org/edition-guide/rust-2024/never-type-fallback.html>
    = help: specify the types explicitly
note: in edition 2024, the requirement `!: Arbitrary<'_>` will fail
   --> contracts\subscription_vault\src\types.rs:536:1
    |
536 | #[contracttype]
    | ^^^^^^^^^^^^^^^
    = note: this error originates in the derive macro `soroban_sdk::testutils::arbitrary::arbitrary::Arbitrary` (in 
Nightly builds, run with -Z macro-backtrace for more info)

error[E0283]: type annotations needed
   --> contracts\subscription_vault\src\types.rs:536:1
    |
536 | #[contracttype]
    | ^^^^^^^^^^^^^^^ cannot infer type
    |
    = note: cannot satisfy `_: IntoVal<soroban_sdk::Env, types::AccruedTotals>`
    = help: the following types implement trait `IntoVal<E, T>`:
              `Fp2` implements `IntoVal<Env, ...>`
              `G1Affine` implements `IntoVal<Env, ...>`
              `G2Affine` implements `IntoVal<Env, ...>`
              `soroban_sdk::crypto::Hash<N>` implements `IntoVal<soroban_sdk::Env, soroban_sdk::BytesN<N>>`
              `soroban_sdk::crypto::Hash<N>` implements `IntoVal<soroban_sdk::Env, soroban_sdk::Val>`
              `soroban_sdk::crypto::bls12_381::Fp` implements `IntoVal<Env, ...>`
    = note: the full name for the type has been written to 'C:\Users\ADMIN\Desktop\kweb-drips\stellabill-contracts\targ
et\debug\deps\subscription_vault-df0147f5d56ac4fb.long-type-14924332384851934831.txt'
    = note: consider using `--verbose` to print the full type name to the console
    = note: this error originates in the attribute macro `contracttype` (in Nightly builds, run with -Z 
macro-backtrace for more info)

error[E0034]: multiple applicable items in scope
   --> contracts\subscription_vault\src\types.rs:934:1
    |
934 | #[contracttype]
    | ^^^^^^^^^^^^^^^ multiple `spec_xdr` found
    |
note: candidate #1 is defined in an impl for the type `types::AccruedTotals`
   --> contracts\subscription_vault\src\types.rs:496:1
    |
496 | #[contracttype]
    | ^^^^^^^^^^^^^^^
note: candidate #2 is defined in an impl for the type `types::AccruedTotals`
   --> contracts\subscription_vault\src\types.rs:934:1
    |
934 | #[contracttype]
    | ^^^^^^^^^^^^^^^
note: candidate #3 is defined in an impl for the type `types::AccruedTotals`
   --> contracts\subscription_vault\src\types.rs:987:1
    |
987 | #[contracttype]
    | ^^^^^^^^^^^^^^^
    = note: this error originates in the attribute macro `contracttype` (in Nightly builds, run with -Z 
macro-backtrace for more info)

error[E0283]: type annotations needed
   --> contracts\subscription_vault\src\types.rs:934:15
    |
934 | #[contracttype]
    |               ^ cannot infer type
    |
    = note: multiple `impl`s satisfying `soroban_sdk::xdr::Error: From<_>` found in the following crates: 
`soroban_env_common`, `stellar_xdr`:
            - impl From<FromUtf8Error> for soroban_sdk::xdr::Error;
            - impl From<TryFromSliceError> for soroban_sdk::xdr::Error;
            - impl From<core::str::Utf8Error> for soroban_sdk::xdr::Error;
            - impl From<soroban_sdk::Error> for soroban_sdk::xdr::Error;
            - impl From<stellar_strkey::error::DecodeError> for soroban_sdk::xdr::Error;
            - impl From<test_auth_fuzz::std::io::Error> for soroban_sdk::xdr::Error;
    = note: this error originates in the attribute macro `contracttype` (in Nightly builds, run with -Z 
macro-backtrace for more info)

error[E0034]: multiple applicable items in scope
   --> contracts\subscription_vault\src\types.rs:943:1
    |
943 | #[contracttype]
    | ^^^^^^^^^^^^^^^ multiple `spec_xdr` found
    |
note: candidate #1 is defined in an impl for the type `types::TokenEarnings`
   --> contracts\subscription_vault\src\types.rs:508:1
    |
508 | #[contracttype]
    | ^^^^^^^^^^^^^^^
note: candidate #2 is defined in an impl for the type `types::TokenEarnings`
   --> contracts\subscription_vault\src\types.rs:943:1
    |
943 | #[contracttype]
    | ^^^^^^^^^^^^^^^
note: candidate #3 is defined in an impl for the type `types::TokenEarnings`
   --> contracts\subscription_vault\src\types.rs:999:1
    |
999 | #[contracttype]
    | ^^^^^^^^^^^^^^^
    = note: this error originates in the attribute macro `contracttype` (in Nightly builds, run with -Z 
macro-backtrace for more info)

error[E0283]: type annotations needed
   --> contracts\subscription_vault\src\types.rs:943:15
    |
943 | #[contracttype]
    |               ^ cannot infer type
    |
    = note: multiple `impl`s satisfying `soroban_sdk::xdr::Error: From<_>` found in the following crates: 
`soroban_env_common`, `stellar_xdr`:
            - impl From<FromUtf8Error> for soroban_sdk::xdr::Error;
            - impl From<TryFromSliceError> for soroban_sdk::xdr::Error;
            - impl From<core::str::Utf8Error> for soroban_sdk::xdr::Error;
            - impl From<soroban_sdk::Error> for soroban_sdk::xdr::Error;
            - impl From<stellar_strkey::error::DecodeError> for soroban_sdk::xdr::Error;
            - impl From<test_auth_fuzz::std::io::Error> for soroban_sdk::xdr::Error;
    = note: this error originates in the attribute macro `contracttype` (in Nightly builds, run with -Z 
macro-backtrace for more info)

error[E0283]: type annotations needed
   --> contracts\subscription_vault\src\types.rs:943:1
    |
943 | #[contracttype]
    | ^^^^^^^^^^^^^^^ cannot infer type
    |
    = note: cannot satisfy `_: Ord`

error[E0283]: type annotations needed
   --> contracts\subscription_vault\src\types.rs:943:1
    |
943 | #[contracttype]
    | ^^^^^^^^^^^^^^^ cannot infer type
    |
    = note: cannot satisfy `_: PartialOrd<_>`

error: this function depends on never type fallback being `()`
   --> contracts\subscription_vault\src\types.rs:943:1
    |
943 | #[contracttype]
    | ^^^^^^^^^^^^^^^
    |
    = warning: this was previously accepted by the compiler but is being phased out; it will become a hard error in 
Rust 2024 and in a future release in all editions!
    = note: for more information, see <https://doc.rust-lang.org/edition-guide/rust-2024/never-type-fallback.html>
    = help: specify the types explicitly
note: in edition 2024, the requirement `!: Arbitrary<'_>` will fail
   --> contracts\subscription_vault\src\types.rs:943:1
    |
943 | #[contracttype]
    | ^^^^^^^^^^^^^^^
    = note: this error originates in the derive macro `soroban_sdk::testutils::arbitrary::arbitrary::Arbitrary` (in 
Nightly builds, run with -Z macro-backtrace for more info)

error[E0283]: type annotations needed
   --> contracts\subscription_vault\src\types.rs:943:1
    |
943 | #[contracttype]
    | ^^^^^^^^^^^^^^^ cannot infer type
    |
    = note: cannot satisfy `_: IntoVal<soroban_sdk::Env, types::AccruedTotals>`
    = help: the following types implement trait `IntoVal<E, T>`:
              `Fp2` implements `IntoVal<Env, ...>`
              `G1Affine` implements `IntoVal<Env, ...>`
              `G2Affine` implements `IntoVal<Env, ...>`
              `soroban_sdk::crypto::Hash<N>` implements `IntoVal<soroban_sdk::Env, soroban_sdk::BytesN<N>>`
              `soroban_sdk::crypto::Hash<N>` implements `IntoVal<soroban_sdk::Env, soroban_sdk::Val>`
              `soroban_sdk::crypto::bls12_381::Fp` implements `IntoVal<Env, ...>`
    = note: the full name for the type has been written to 'C:\Users\ADMIN\Desktop\kweb-drips\stellabill-contracts\targ
et\debug\deps\subscription_vault-df0147f5d56ac4fb.long-type-14924332384851934831.txt'
    = note: consider using `--verbose` to print the full type name to the console
    = note: this error originates in the attribute macro `contracttype` (in Nightly builds, run with -Z 
macro-backtrace for more info)

error[E0034]: multiple applicable items in scope
    --> contracts\subscription_vault\src\types.rs:952:1
     |
 952 | #[contracttype]
     | ^^^^^^^^^^^^^^^ multiple `spec_xdr` found
     |
note: candidate #1 is defined in an impl for the type `types::TokenReconciliationSnapshot`
    --> contracts\subscription_vault\src\types.rs:520:1
     |
 520 | #[contracttype]
     | ^^^^^^^^^^^^^^^
note: candidate #2 is defined in an impl for the type `types::TokenReconciliationSnapshot`
    --> contracts\subscription_vault\src\types.rs:952:1
     |
 952 | #[contracttype]
     | ^^^^^^^^^^^^^^^
note: candidate #3 is defined in an impl for the type `types::TokenReconciliationSnapshot`
    --> contracts\subscription_vault\src\types.rs:1011:1
     |
1011 | #[contracttype]
     | ^^^^^^^^^^^^^^^
     = note: this error originates in the attribute macro `contracttype` (in Nightly builds, run with -Z 
macro-backtrace for more info)

error[E0283]: type annotations needed
   --> contracts\subscription_vault\src\types.rs:952:15
    |
952 | #[contracttype]
    |               ^ cannot infer type
    |
    = note: multiple `impl`s satisfying `soroban_sdk::xdr::Error: From<_>` found in the following crates: 
`soroban_env_common`, `stellar_xdr`:
            - impl From<FromUtf8Error> for soroban_sdk::xdr::Error;
            - impl From<TryFromSliceError> for soroban_sdk::xdr::Error;
            - impl From<core::str::Utf8Error> for soroban_sdk::xdr::Error;
            - impl From<soroban_sdk::Error> for soroban_sdk::xdr::Error;
            - impl From<stellar_strkey::error::DecodeError> for soroban_sdk::xdr::Error;
            - impl From<test_auth_fuzz::std::io::Error> for soroban_sdk::xdr::Error;
    = note: this error originates in the attribute macro `contracttype` (in Nightly builds, run with -Z 
macro-backtrace for more info)

error[E0034]: multiple applicable items in scope
   --> contracts\subscription_vault\src\types.rs:987:1
    |
987 | #[contracttype]
    | ^^^^^^^^^^^^^^^ multiple `spec_xdr` found
    |
note: candidate #1 is defined in an impl for the type `types::AccruedTotals`
   --> contracts\subscription_vault\src\types.rs:496:1
    |
496 | #[contracttype]
    | ^^^^^^^^^^^^^^^
note: candidate #2 is defined in an impl for the type `types::AccruedTotals`
   --> contracts\subscription_vault\src\types.rs:934:1
    |
934 | #[contracttype]
    | ^^^^^^^^^^^^^^^
note: candidate #3 is defined in an impl for the type `types::AccruedTotals`
   --> contracts\subscription_vault\src\types.rs:987:1
    |
987 | #[contracttype]
    | ^^^^^^^^^^^^^^^
    = note: this error originates in the attribute macro `contracttype` (in Nightly builds, run with -Z 
macro-backtrace for more info)

error[E0283]: type annotations needed
   --> contracts\subscription_vault\src\types.rs:987:15
    |
987 | #[contracttype]
    |               ^ cannot infer type
    |
    = note: multiple `impl`s satisfying `soroban_sdk::xdr::Error: From<_>` found in the following crates: 
`soroban_env_common`, `stellar_xdr`:
            - impl From<FromUtf8Error> for soroban_sdk::xdr::Error;
            - impl From<TryFromSliceError> for soroban_sdk::xdr::Error;
            - impl From<core::str::Utf8Error> for soroban_sdk::xdr::Error;
            - impl From<soroban_sdk::Error> for soroban_sdk::xdr::Error;
            - impl From<stellar_strkey::error::DecodeError> for soroban_sdk::xdr::Error;
            - impl From<test_auth_fuzz::std::io::Error> for soroban_sdk::xdr::Error;
    = note: this error originates in the attribute macro `contracttype` (in Nightly builds, run with -Z 
macro-backtrace for more info)

error[E0034]: multiple applicable items in scope
   --> contracts\subscription_vault\src\types.rs:999:1
    |
999 | #[contracttype]
    | ^^^^^^^^^^^^^^^ multiple `spec_xdr` found
    |
note: candidate #1 is defined in an impl for the type `types::TokenEarnings`
   --> contracts\subscription_vault\src\types.rs:508:1
    |
508 | #[contracttype]
    | ^^^^^^^^^^^^^^^
note: candidate #2 is defined in an impl for the type `types::TokenEarnings`
   --> contracts\subscription_vault\src\types.rs:943:1
    |
943 | #[contracttype]
    | ^^^^^^^^^^^^^^^
note: candidate #3 is defined in an impl for the type `types::TokenEarnings`
   --> contracts\subscription_vault\src\types.rs:999:1
    |
999 | #[contracttype]
    | ^^^^^^^^^^^^^^^
    = note: this error originates in the attribute macro `contracttype` (in Nightly builds, run with -Z 
macro-backtrace for more info)

error[E0283]: type annotations needed
   --> contracts\subscription_vault\src\types.rs:999:15
    |
999 | #[contracttype]
    |               ^ cannot infer type
    |
    = note: multiple `impl`s satisfying `soroban_sdk::xdr::Error: From<_>` found in the following crates: 
`soroban_env_common`, `stellar_xdr`:
            - impl From<FromUtf8Error> for soroban_sdk::xdr::Error;
            - impl From<TryFromSliceError> for soroban_sdk::xdr::Error;
            - impl From<core::str::Utf8Error> for soroban_sdk::xdr::Error;
            - impl From<soroban_sdk::Error> for soroban_sdk::xdr::Error;
            - impl From<stellar_strkey::error::DecodeError> for soroban_sdk::xdr::Error;
            - impl From<test_auth_fuzz::std::io::Error> for soroban_sdk::xdr::Error;
    = note: this error originates in the attribute macro `contracttype` (in Nightly builds, run with -Z 
macro-backtrace for more info)

error[E0283]: type annotations needed
   --> contracts\subscription_vault\src\types.rs:999:1
    |
999 | #[contracttype]
    | ^^^^^^^^^^^^^^^ cannot infer type
    |
    = note: cannot satisfy `_: Ord`

error[E0283]: type annotations needed
   --> contracts\subscription_vault\src\types.rs:999:1
    |
999 | #[contracttype]
    | ^^^^^^^^^^^^^^^ cannot infer type
    |
    = note: cannot satisfy `_: PartialOrd<_>`

error: this function depends on never type fallback being `()`
   --> contracts\subscription_vault\src\types.rs:999:1
    |
999 | #[contracttype]
    | ^^^^^^^^^^^^^^^
    |
    = warning: this was previously accepted by the compiler but is being phased out; it will become a hard error in 
Rust 2024 and in a future release in all editions!
    = note: for more information, see <https://doc.rust-lang.org/edition-guide/rust-2024/never-type-fallback.html>
    = help: specify the types explicitly
note: in edition 2024, the requirement `!: Arbitrary<'_>` will fail
   --> contracts\subscription_vault\src\types.rs:999:1
    |
999 | #[contracttype]
    | ^^^^^^^^^^^^^^^
    = note: this error originates in the derive macro `soroban_sdk::testutils::arbitrary::arbitrary::Arbitrary` (in 
Nightly builds, run with -Z macro-backtrace for more info)

error[E0283]: type annotations needed
   --> contracts\subscription_vault\src\types.rs:999:1
    |
999 | #[contracttype]
    | ^^^^^^^^^^^^^^^ cannot infer type
    |
    = note: cannot satisfy `_: IntoVal<soroban_sdk::Env, types::AccruedTotals>`
    = help: the following types implement trait `IntoVal<E, T>`:
              `Fp2` implements `IntoVal<Env, ...>`
              `G1Affine` implements `IntoVal<Env, ...>`
              `G2Affine` implements `IntoVal<Env, ...>`
              `soroban_sdk::crypto::Hash<N>` implements `IntoVal<soroban_sdk::Env, soroban_sdk::BytesN<N>>`
              `soroban_sdk::crypto::Hash<N>` implements `IntoVal<soroban_sdk::Env, soroban_sdk::Val>`
              `soroban_sdk::crypto::bls12_381::Fp` implements `IntoVal<Env, ...>`
    = note: the full name for the type has been written to 'C:\Users\ADMIN\Desktop\kweb-drips\stellabill-contracts\targ
et\debug\deps\subscription_vault-df0147f5d56ac4fb.long-type-14924332384851934831.txt'
    = note: consider using `--verbose` to print the full type name to the console
    = note: this error originates in the attribute macro `contracttype` (in Nightly builds, run with -Z 
macro-backtrace for more info)

error[E0034]: multiple applicable items in scope
    --> contracts\subscription_vault\src\types.rs:1011:1
     |
1011 | #[contracttype]
     | ^^^^^^^^^^^^^^^ multiple `spec_xdr` found
     |
note: candidate #1 is defined in an impl for the type `types::TokenReconciliationSnapshot`
    --> contracts\subscription_vault\src\types.rs:520:1
     |
 520 | #[contracttype]
     | ^^^^^^^^^^^^^^^
note: candidate #2 is defined in an impl for the type `types::TokenReconciliationSnapshot`
    --> contracts\subscription_vault\src\types.rs:952:1
     |
 952 | #[contracttype]
     | ^^^^^^^^^^^^^^^
note: candidate #3 is defined in an impl for the type `types::TokenReconciliationSnapshot`
    --> contracts\subscription_vault\src\types.rs:1011:1
     |
1011 | #[contracttype]
     | ^^^^^^^^^^^^^^^
     = note: this error originates in the attribute macro `contracttype` (in Nightly builds, run with -Z 
macro-backtrace for more info)

error[E0283]: type annotations needed
    --> contracts\subscription_vault\src\types.rs:1011:15
     |
1011 | #[contracttype]
     |               ^ cannot infer type
     |
     = note: multiple `impl`s satisfying `soroban_sdk::xdr::Error: From<_>` found in the following crates: 
`soroban_env_common`, `stellar_xdr`:
             - impl From<FromUtf8Error> for soroban_sdk::xdr::Error;
             - impl From<TryFromSliceError> for soroban_sdk::xdr::Error;
             - impl From<core::str::Utf8Error> for soroban_sdk::xdr::Error;
             - impl From<soroban_sdk::Error> for soroban_sdk::xdr::Error;
             - impl From<stellar_strkey::error::DecodeError> for soroban_sdk::xdr::Error;
             - impl From<test_auth_fuzz::std::io::Error> for soroban_sdk::xdr::Error;
     = note: this error originates in the attribute macro `contracttype` (in Nightly builds, run with -Z 
macro-backtrace for more info)

error[E0063]: missing field `grace_start_timestamp` in initializer of `types::Subscription`
   --> contracts\subscription_vault\src\test.rs:873:15
    |
873 |     let sub = Subscription {
    |               ^^^^^^^^^^^^ missing `grace_start_timestamp`

error[E0063]: missing field `grace_start_timestamp` in initializer of `types::Subscription`
   --> contracts\subscription_vault\src\test.rs:895:15
    |
895 |     let sub = Subscription {
    |               ^^^^^^^^^^^^ missing `grace_start_timestamp`

error[E0063]: missing field `grace_start_timestamp` in initializer of `types::Subscription`
    --> contracts\subscription_vault\src\test.rs:2177:15
     |
2177 |     let sub = Subscription {
     |               ^^^^^^^^^^^^ missing `grace_start_timestamp`

error[E0063]: missing field `grace_start_timestamp` in initializer of `types::Subscription`
    --> contracts\subscription_vault\src\test.rs:2198:15
     |
2198 |     let sub = Subscription {
     |               ^^^^^^^^^^^^ missing `grace_start_timestamp`

error[E0063]: missing field `grace_start_timestamp` in initializer of `types::Subscription`
    --> contracts\subscription_vault\src\test.rs:2219:15
     |
2219 |     let sub = Subscription {
     |               ^^^^^^^^^^^^ missing `grace_start_timestamp`

error[E0063]: missing field `grace_start_timestamp` in initializer of `types::Subscription`
    --> contracts\subscription_vault\src\test.rs:2239:15
     |
2239 |     let sub = Subscription {
     |               ^^^^^^^^^^^^ missing `grace_start_timestamp`

error[E0063]: missing field `grace_start_timestamp` in initializer of `types::Subscription`
    --> contracts\subscription_vault\src\test.rs:2366:15
     |
2366 |     let sub = Subscription {
     |               ^^^^^^^^^^^^ missing `grace_start_timestamp`

error[E0599]: no variant or associated item named `AccidentalTransfer` found for enum `RecoveryReason` in the current 
scope
    --> contracts\subscription_vault\src\test.rs:5142:26
     |
5142 |         &RecoveryReason::AccidentalTransfer,
     |                          ^^^^^^^^^^^^^^^^^^ variant or associated item not found in `RecoveryReason`
     |
    ::: contracts\subscription_vault\src\types.rs:631:1
     |
 631 | pub enum RecoveryReason {
     | ----------------------- variant or associated item `AccidentalTransfer` not found for this enum

error[E0599]: no variant or associated item named `AccidentalTransfer` found for enum `RecoveryReason` in the current 
scope
    --> contracts\subscription_vault\src\test.rs:5185:26
     |
5185 |         &RecoveryReason::AccidentalTransfer,
     |                          ^^^^^^^^^^^^^^^^^^ variant or associated item not found in `RecoveryReason`
     |
    ::: contracts\subscription_vault\src\types.rs:631:1
     |
 631 | pub enum RecoveryReason {
     | ----------------------- variant or associated item `AccidentalTransfer` not found for this enum

error[E0063]: missing field `grace_start_timestamp` in initializer of `types::Subscription`
    --> contracts\subscription_vault\src\test.rs:7105:24
     |
7105 |         let original = Subscription {
     |                        ^^^^^^^^^^^^ missing `grace_start_timestamp`

error[E0063]: missing field `grace_start_timestamp` in initializer of `types::Subscription`
    --> contracts\subscription_vault\src\test.rs:7209:22
     |
7209 |         let legacy = Subscription {
     |                      ^^^^^^^^^^^^ missing `grace_start_timestamp`

error[E0061]: this method takes 5 arguments but 6 arguments were supplied
   --> contracts\subscription_vault\src\test_auth_fuzz.rs:372:26
    |
372 |     let plan_id = client.create_plan_template(&person, &10_000_000, &2592000, &false, &None, &None::<u64>);
    |                          ^^^^^^^^^^^^^^^^^^^^                                                ------------ 
unexpected argument #6 of type `&core::option::Option<u64>`
    |
note: method defined here
   --> contracts\subscription_vault\src\lib.rs:777:12
    |
777 |     pub fn create_plan_template(
    |            ^^^^^^^^^^^^^^^^^^^^
help: remove the extra argument
    |
372 -     let plan_id = client.create_plan_template(&person, &10_000_000, &2592000, &false, &None, &None::<u64>);
372 +     let plan_id = client.create_plan_template(&person, &10_000_000, &2592000, &false, &None);
    |

error[E0061]: this enum variant takes 1 argument but 2 arguments were supplied
   --> contracts\subscription_vault\src\test_expiration.rs:56:140
    |
 56 | ...l, &false, &None::<i128>, &Some(expires_at, &None));
    |                               ^^^^             ----- unexpected argument #2 of type `&core::option::Option<_>`
    |
note: tuple variant defined here
   --> 
C:\Users\ADMIN\.rustup\toolchains\stable-x86_64-pc-windows-msvc\lib/rustlib/src/rust\library\core\src\option.rs:608:5
    |
608 |     Some(#[stable(feature = "rust1", since = "1.0.0")] T),
    |     ^^^^
help: remove the extra argument
    |
 56 -     let sub_id = client.create_subscription_with_token(&subscriber, &merchant, &token.address, &amount, 
&interval, &false, &None::<i128>, &Some(expires_at, &None));
 56 +     let sub_id = client.create_subscription_with_token(&subscriber, &merchant, &token.address, &amount, 
&interval, &false, &None::<i128>, &Some(expires_at));
    |

error[E0061]: this enum variant takes 1 argument but 2 arguments were supplied
   --> contracts\subscription_vault\src\test_expiration.rs:96:131
    |
 96 | ... &10, &false, &None::<i128>, &Some(1050, &None));
    |                                  ^^^^       ----- unexpected argument #2 of type `&core::option::Option<_>`
    |
note: tuple variant defined here
   --> 
C:\Users\ADMIN\.rustup\toolchains\stable-x86_64-pc-windows-msvc\lib/rustlib/src/rust\library\core\src\option.rs:608:5
    |
608 |     Some(#[stable(feature = "rust1", since = "1.0.0")] T),
    |     ^^^^
help: remove the extra argument
    |
 96 -     let sub_id = client.create_subscription_with_token(&subscriber, &merchant, &token.address, &100, &10, 
&false, &None::<i128>, &Some(1050, &None));
 96 +     let sub_id = client.create_subscription_with_token(&subscriber, &merchant, &token.address, &100, &10, 
&false, &None::<i128>, &Some(1050));
    |

error[E0061]: this enum variant takes 1 argument but 2 arguments were supplied
   --> contracts\subscription_vault\src\test_expiration.rs:136:132
    |
136 | ... &10, &false, &None::<i128>, &Some(1050, &None));
    |                                  ^^^^       ----- unexpected argument #2 of type `&core::option::Option<_>`
    |
note: tuple variant defined here
   --> 
C:\Users\ADMIN\.rustup\toolchains\stable-x86_64-pc-windows-msvc\lib/rustlib/src/rust\library\core\src\option.rs:608:5
    |
608 |     Some(#[stable(feature = "rust1", since = "1.0.0")] T),
    |     ^^^^
help: remove the extra argument
    |
136 -     let sub_id1 = client.create_subscription_with_token(&subscriber, &merchant, &token.address, &100, &10, 
&false, &None::<i128>, &Some(1050, &None));
136 +     let sub_id1 = client.create_subscription_with_token(&subscriber, &merchant, &token.address, &100, &10, 
&false, &None::<i128>, &Some(1050));
    |

error[E0061]: this enum variant takes 1 argument but 2 arguments were supplied
   --> contracts\subscription_vault\src\test_expiration.rs:158:132
    |
158 | ... &10, &false, &None::<i128>, &Some(1050, &None));
    |                                  ^^^^       ----- unexpected argument #2 of type `&core::option::Option<_>`
    |
note: tuple variant defined here
   --> 
C:\Users\ADMIN\.rustup\toolchains\stable-x86_64-pc-windows-msvc\lib/rustlib/src/rust\library\core\src\option.rs:608:5
    |
608 |     Some(#[stable(feature = "rust1", since = "1.0.0")] T),
    |     ^^^^
help: remove the extra argument
    |
158 -     let sub_id2 = client.create_subscription_with_token(&subscriber, &merchant, &token.address, &100, &10, 
&false, &None::<i128>, &Some(1050, &None));
158 +     let sub_id2 = client.create_subscription_with_token(&subscriber, &merchant, &token.address, &100, &10, 
&false, &None::<i128>, &Some(1050));
    |

error[E0061]: this enum variant takes 1 argument but 2 arguments were supplied
   --> contracts\subscription_vault\src\test_expiration.rs:182:131
    |
182 | ... &10, &false, &None::<i128>, &Some(1050, &None));
    |                                  ^^^^       ----- unexpected argument #2 of type `&core::option::Option<_>`
    |
note: tuple variant defined here
   --> 
C:\Users\ADMIN\.rustup\toolchains\stable-x86_64-pc-windows-msvc\lib/rustlib/src/rust\library\core\src\option.rs:608:5
    |
608 |     Some(#[stable(feature = "rust1", since = "1.0.0")] T),
    |     ^^^^
help: remove the extra argument
    |
182 -     let sub_id = client.create_subscription_with_token(&subscriber, &merchant, &token.address, &100, &10, 
&false, &None::<i128>, &Some(1050, &None));
182 +     let sub_id = client.create_subscription_with_token(&subscriber, &merchant, &token.address, &100, &10, 
&false, &None::<i128>, &Some(1050));
    |

error[E0061]: this method takes 7 arguments but 6 arguments were supplied
   --> contracts\subscription_vault\src\test_emergency_stop_lifetime_caps.rs:40:25
    |
 40 |       let sub_id = client.create_subscription(
    |  _________________________^^^^^^^^^^^^^^^^^^^-
 41 | |         &subscriber,
 42 | |         &merchant,
 43 | |         &1_000_000i128,
...   |
 46 | |         &None::<i128>,
 47 | |     );
    | |_____- argument #7 of type `&core::option::Option<u64>` is missing
    |
note: method defined here
   --> contracts\subscription_vault\src\lib.rs:639:12
    |
639 |     pub fn create_subscription(
    |            ^^^^^^^^^^^^^^^^^^^
...
647 |         expires_at: Option<u64>,
    |         -----------------------
help: provide the argument
    |
 40 |     let sub_id = client.create_subscription(
...
 46 |         &None::<i128>,
 47 ~         /* &core::option::Option<u64> */,
 48 ~     );
    |

error[E0061]: this method takes 7 arguments but 6 arguments were supplied
   --> contracts\subscription_vault\src\test_emergency_stop_lifetime_caps.rs:62:16
    |
 62 |           client.try_create_subscription(
    |  ________________^^^^^^^^^^^^^^^^^^^^^^^-
 63 | |             &subscriber,
 64 | |             &merchant,
 65 | |             &1_000_000i128,
...   |
 68 | |             &None::<i128>
 69 | |         ),
    | |_________- argument #7 of type `&core::option::Option<u64>` is missing
    |
note: method defined here
   --> contracts\subscription_vault\src\lib.rs:639:12
    |
639 |     pub fn create_subscription(
    |            ^^^^^^^^^^^^^^^^^^^
...
647 |         expires_at: Option<u64>,
    |         -----------------------
help: provide the argument
    |
 62 |         client.try_create_subscription(
...
 67 |             &false,
 68 ~             &None::<i128>,
 69 +             /* &core::option::Option<u64> */,
    |

error[E0061]: this method takes 8 arguments but 7 arguments were supplied
   --> contracts\subscription_vault\src\test_emergency_stop_lifetime_caps.rs:73:16
    |
 73 |           client.try_create_subscription_with_token(
    |  ________________^^^^^^^^^^^^^^^^^^^^^^^^^^^^^^^^^^-
 74 | |             &subscriber,
 75 | |             &merchant,
 76 | |             &token,
...   |
 80 | |             &None::<i128>
 81 | |         ),
    | |_________- argument #8 of type `&core::option::Option<u64>` is missing
    |
note: method defined here
   --> contracts\subscription_vault\src\lib.rs:678:12
    |
678 |     pub fn create_subscription_with_token(
    |            ^^^^^^^^^^^^^^^^^^^^^^^^^^^^^^
...
687 |         expires_at: Option<u64>,
    |         -----------------------
help: provide the argument
    |
 73 |         client.try_create_subscription_with_token(
...
 79 |             &false,
 80 ~             &None::<i128>,
 81 +             /* &core::option::Option<u64> */,
    |

error[E0061]: this method takes 7 arguments but 6 arguments were supplied
   --> contracts\subscription_vault\src\test_emergency_stop_lifetime_caps.rs:162:25
    |
162 |       let sub_id = client.create_subscription(
    |  _________________________^^^^^^^^^^^^^^^^^^^-
163 | |         &subscriber,
164 | |         &merchant,
165 | |         &1_000_000i128,
...   |
168 | |         &None::<i128>,
169 | |     );
    | |_____- argument #7 of type `&core::option::Option<u64>` is missing
    |
note: method defined here
   --> contracts\subscription_vault\src\lib.rs:639:12
    |
639 |     pub fn create_subscription(
    |            ^^^^^^^^^^^^^^^^^^^
...
647 |         expires_at: Option<u64>,
    |         -----------------------
help: provide the argument
    |
162 |     let sub_id = client.create_subscription(
...
168 |         &None::<i128>,
169 ~         /* &core::option::Option<u64> */,
170 ~     );
    |

error[E0061]: this method takes 7 arguments but 6 arguments were supplied
   --> contracts\subscription_vault\src\test_emergency_stop_lifetime_caps.rs:185:25
    |
185 |       let sub_id = client.create_subscription(
    |  _________________________^^^^^^^^^^^^^^^^^^^-
186 | |         &subscriber,
187 | |         &merchant,
188 | |         &1_000_000i128,
...   |
191 | |         &None::<i128>,
192 | |     );
    | |_____- argument #7 of type `&core::option::Option<u64>` is missing
    |
note: method defined here
   --> contracts\subscription_vault\src\lib.rs:639:12
    |
639 |     pub fn create_subscription(
    |            ^^^^^^^^^^^^^^^^^^^
...
647 |         expires_at: Option<u64>,
    |         -----------------------
help: provide the argument
    |
185 |     let sub_id = client.create_subscription(
...
191 |         &None::<i128>,
192 ~         /* &core::option::Option<u64> */,
193 ~     );
    |

error[E0061]: this method takes 7 arguments but 6 arguments were supplied
   --> contracts\subscription_vault\src\test_emergency_stop_lifetime_caps.rs:214:25
    |
214 |       let sub_id = client.create_subscription(
    |  _________________________^^^^^^^^^^^^^^^^^^^-
215 | |         &subscriber,
216 | |         &merchant,
217 | |         &amount,
...   |
220 | |         &Some(cap),
221 | |     );
    | |_____- argument #7 of type `&core::option::Option<u64>` is missing
    |
note: method defined here
   --> contracts\subscription_vault\src\lib.rs:639:12
    |
639 |     pub fn create_subscription(
    |            ^^^^^^^^^^^^^^^^^^^
...
647 |         expires_at: Option<u64>,
    |         -----------------------
help: provide the argument
    |
214 |     let sub_id = client.create_subscription(
...
220 |         &Some(cap),
221 ~         /* &core::option::Option<u64> */,
222 ~     );
    |

error[E0061]: this method takes 7 arguments but 6 arguments were supplied
   --> contracts\subscription_vault\src\test_emergency_stop_lifetime_caps.rs:253:25
    |
253 |       let sub_id = client.create_subscription(
    |  _________________________^^^^^^^^^^^^^^^^^^^-
254 | |         &subscriber,
255 | |         &merchant,
256 | |         &1i128,
...   |
259 | |         &Some(cap),
260 | |     );
    | |_____- argument #7 of type `&core::option::Option<u64>` is missing
    |
note: method defined here
   --> contracts\subscription_vault\src\lib.rs:639:12
    |
639 |     pub fn create_subscription(
    |            ^^^^^^^^^^^^^^^^^^^
...
647 |         expires_at: Option<u64>,
    |         -----------------------
help: provide the argument
    |
253 |     let sub_id = client.create_subscription(
...
259 |         &Some(cap),
260 ~         /* &core::option::Option<u64> */,
261 ~     );
    |

error[E0061]: this method takes 7 arguments but 6 arguments were supplied
   --> contracts\subscription_vault\src\test_emergency_stop_lifetime_caps.rs:283:25
    |
283 |       let sub_id = client.create_subscription(
    |  _________________________^^^^^^^^^^^^^^^^^^^-
284 | |         &subscriber,
285 | |         &merchant,
286 | |         &1i128,
...   |
289 | |         &Some(cap),
290 | |     );
    | |_____- argument #7 of type `&core::option::Option<u64>` is missing
    |
note: method defined here
   --> contracts\subscription_vault\src\lib.rs:639:12
    |
639 |     pub fn create_subscription(
    |            ^^^^^^^^^^^^^^^^^^^
...
647 |         expires_at: Option<u64>,
    |         -----------------------
help: provide the argument
    |
283 |     let sub_id = client.create_subscription(
...
289 |         &Some(cap),
290 ~         /* &core::option::Option<u64> */,
291 ~     );
    |

error[E0061]: this method takes 7 arguments but 6 arguments were supplied
   --> contracts\subscription_vault\src\test_emergency_stop_lifetime_caps.rs:321:25
    |
321 |       let sub_id = client.create_subscription(
    |  _________________________^^^^^^^^^^^^^^^^^^^-
322 | |         &subscriber,
323 | |         &merchant,
324 | |         &1_000_000i128,
...   |
327 | |         &Some(cap),
328 | |     );
    | |_____- argument #7 of type `&core::option::Option<u64>` is missing
    |
note: method defined here
   --> contracts\subscription_vault\src\lib.rs:639:12
    |
639 |     pub fn create_subscription(
    |            ^^^^^^^^^^^^^^^^^^^
...
647 |         expires_at: Option<u64>,
    |         -----------------------
help: provide the argument
    |
321 |     let sub_id = client.create_subscription(
...
327 |         &Some(cap),
328 ~         /* &core::option::Option<u64> */,
329 ~     );
    |

warning: unused variable: `admin`
  --> contracts\subscription_vault\src\test_recovery.rs:72:30
   |
72 |     let (env, client, token, admin) = setup_env();
   |                              ^^^^^ help: if this is intentional, prefix it with an underscore: `_admin`
   |
   = note: `#[warn(unused_variables)]` (part of `#[warn(unused)]`) on by default

Some errors have detailed explanations: E0034, E0061, E0063, E0119, E0283, E0422, E0423, E0425, E0428...
For more information about an error, try `rustc --explain E0034`.
warning: `subscription_vault` (lib test) generated 6 warnings
error: could not compile `subscription_vault` (lib test) due to 196 previous errors; 6 warnings emitted
