   Compiling proc-macro2 v1.0.106
   Compiling quote v1.0.44
   Compiling unicode-ident v1.0.24
   Compiling version_check v0.9.5
   Compiling typenum v1.19.0
   Compiling serde_core v1.0.228
   Compiling cfg-if v1.0.4
   Compiling serde v1.0.228
   Compiling zmij v1.0.21
   Compiling serde_json v1.0.149
   Compiling generic-array v0.14.9
   Compiling memchr v2.8.0
   Compiling subtle v2.6.1
   Compiling itoa v1.0.17
   Compiling autocfg v1.5.0
   Compiling const-oid v0.9.6
   Compiling getrandom v0.2.17
   Compiling ident_case v1.0.1
   Compiling rand_core v0.6.4
   Compiling fnv v1.0.7
   Compiling strsim v0.11.1
   Compiling semver v1.0.27
   Compiling num-traits v0.2.19
   Compiling zerocopy v0.8.39
   Compiling syn v2.0.116
   Compiling syn v1.0.109
   Compiling thiserror v1.0.69
   Compiling rustc_version v0.4.1
   Compiling data-encoding v2.10.0
   Compiling paste v1.0.15
   Compiling cpufeatures v0.2.17
   Compiling escape-bytes v0.1.1
   Compiling num-integer v0.1.46
   Compiling num-bigint v0.4.6
   Compiling darling_core v0.21.3
   Compiling ff v0.13.1
   Compiling ahash v0.8.12
   Compiling hashbrown v0.16.1
   Compiling either v1.15.0
   Compiling equivalent v1.0.2
   Compiling base16ct v0.2.0
   Compiling itertools v0.10.5
   Compiling indexmap v2.13.0
   Compiling group v0.13.0
   Compiling once_cell v1.21.3
   Compiling base64 v0.13.1
   Compiling libm v0.2.16
   Compiling ppv-lite86 v0.2.21
   Compiling rand_chacha v0.3.1
   Compiling ark-serialize-derive v0.4.2
   Compiling ark-ff-macros v0.4.2
   Compiling ark-ff-asm v0.4.2
   Compiling rand v0.8.5
   Compiling derivative v2.2.0
   Compiling wasmparser v0.116.1
   Compiling zeroize_derive v1.4.3
   Compiling serde_derive v1.0.228
   Compiling darling_macro v0.21.3
   Compiling thiserror-impl v1.0.69
   Compiling ark-std v0.4.0
   Compiling zeroize v1.8.2
   Compiling derive_arbitrary v1.3.2
   Compiling darling v0.21.3
   Compiling num-derive v0.4.2
   Compiling serde_with_macros v3.16.1
   Compiling block-buffer v0.10.4
   Compiling crypto-common v0.1.6
   Compiling der v0.7.10
   Compiling digest v0.10.7
   Compiling crypto-bigint v0.5.5
   Compiling hashbrown v0.13.2
   Compiling serde_with v3.16.1
   Compiling signature v2.2.0
   Compiling sec1 v0.7.3
   Compiling hmac v0.12.1
   Compiling elliptic-curve v0.13.8
   Compiling ark-serialize v0.4.2
   Compiling rfc6979 v0.4.0
   Compiling sha2 v0.10.9
   Compiling curve25519-dalek v4.1.3
   Compiling ark-ff v0.4.2
   Compiling ethnum v1.5.3
   Compiling indexmap-nostd v0.4.0
   Compiling crate-git-revision v0.0.6
   Compiling hex v0.4.3
   Compiling static_assertions v1.1.0
   Compiling downcast-rs v1.2.1
   Compiling stellar-strkey v0.0.9
   Compiling stellar-xdr v22.1.0
   Compiling wasmi_core v0.13.0
   Compiling soroban-env-common v22.1.3
   Compiling wasmparser-nostd v0.100.2
   Compiling ecdsa v0.16.9
   Compiling arbitrary v1.3.2
   Compiling curve25519-dalek-derive v0.1.1
   Compiling wasmi_arena v0.4.1
   Compiling smallvec v1.15.1
   Compiling prettyplease v0.2.37
   Compiling spin v0.9.8
   Compiling soroban-wasmi v0.31.1-soroban.20.0.1
   Compiling ark-poly v0.4.2
   Compiling primeorder v0.13.6
   Compiling ed25519 v2.2.3
   Compiling darling_core v0.20.11
   Compiling soroban-env-host v22.1.3
   Compiling ark-ec v0.4.2
   Compiling keccak v0.1.6
   Compiling ed25519-dalek v2.2.0
   Compiling sha3 v0.10.8
   Compiling ark-bls12-381 v0.4.0
   Compiling p256 v0.13.2
   Compiling darling_macro v0.20.11
   Compiling k256 v0.13.4
   Compiling soroban-sdk-macros v22.0.10
   Compiling soroban-builtin-sdk-macros v22.1.3
   Compiling hex-literal v0.4.1
   Compiling darling v0.20.11
   Compiling soroban-sdk v22.0.10
   Compiling ctor v0.2.9
   Compiling bytes-lit v0.0.5
   Compiling soroban-spec v22.0.10
   Compiling soroban-spec-rust v22.0.10
   Compiling soroban-env-macros v22.1.3
   Compiling soroban-ledger-snapshot v22.0.10
   Compiling subscription_vault v0.1.0 (C:\Users\ADMIN\Desktop\midea-drips\stellabill-contracts\contracts\subscription_vault)
error[E0425]: cannot find value `test_env` in this scope
    --> contracts\subscription_vault\src\test.rs:6640:5
     |
6640 |     test_env.client.deposit_funds(&id, &subscriber, &200_000_000i128);
     |     ^^^^^^^^ not found in this scope

warning: unused import: `Subscription`
  --> contracts\subscription_vault\src\charge_core.rs:39:30
   |
39 |     LifetimeCapReachedEvent, Subscription, SubscriptionChargeFailedEvent, SubscriptionChargedEvent,
   |                              ^^^^^^^^^^^^
   |
   = note: `#[warn(unused_imports)]` (part of `#[warn(unused)]`) on by default

warning: unused imports: `SubscriptionRecoveryReadyEvent as SubscriptionRecoveryReadyEventAlias` and `UsageState`
  --> contracts\subscription_vault\src\subscription.rs:50:5
   |
50 |     SubscriptionRecoveryReadyEvent as SubscriptionRecoveryReadyEventAlias, SubscriptionStatus,
   |     ^^^^^^^^^^^^^^^^^^^^^^^^^^^^^^^^^^^^^^^^^^^^^^^^^^^^^^^^^^^^^^^^^^^^^
51 |     UsageLimits, UsageState,
   |                  ^^^^^^^^^^

warning: unused import: `Symbol`
 --> contracts\subscription_vault\src\test_admin.rs:4:58
  |
4 | use soroban_sdk::{testutils::Address as _, Address, Env, Symbol};
  |                                                          ^^^^^^

warning: unused import: `Val`
 --> contracts\subscription_vault\src\test_auth_fuzz.rs:8:47
  |
8 |     Address, Env, Vec as SorobanVec, IntoVal, Val,
  |                                               ^^^

warning: unused import: `Ledger as _`
 --> contracts\subscription_vault\src\test_recovery.rs:6:57
  |
6 | use soroban_sdk::testutils::{Address as _, Events as _, Ledger as _};
  |                                                         ^^^^^^^^^^^

warning: unused imports: `IntoVal` and `Symbol`
 --> contracts\subscription_vault\src\test_recovery.rs:7:48
  |
7 | use soroban_sdk::{token, Address, Env, String, Symbol, IntoVal};
  |                                                ^^^^^^  ^^^^^^^

error[E0560]: struct `ProtocolFeeChargedEvent` has no field named `merchant_amount`
   --> contracts\subscription_vault\src\charge_core.rs:185:29
    |
185 | ...                   merchant_amount,
    |                       ^^^^^^^^^^^^^^^ `ProtocolFeeChargedEvent` does not have this field
    |
    = note: available fields are: `merchant`

error[E0061]: this method takes 6 arguments but 7 arguments were supplied
    --> contracts\subscription_vault\src\test.rs:1371:35
     |
1371 |     let plan_v2 = test_env.client.update_plan_template(
     |                                   ^^^^^^^^^^^^^^^^^^^^
...
1378 |         &None::<u64>,
     |         ------------ unexpected argument #7 of type `&core::option::Option<u64>`
     |
note: method defined here
    --> contracts\subscription_vault\src\lib.rs:917:12
     |
 917 |     pub fn update_plan_template(
     |            ^^^^^^^^^^^^^^^^^^^^
help: remove the extra argument
     |
1377 -         &None::<i128>,
1378 -         &None::<u64>,
1377 +         &None::<i128>,
     |

error[E0061]: this method takes 7 arguments but 6 arguments were supplied
    --> contracts\subscription_vault\src\test.rs:1391:25
     |
1391 |           test_env.client.try_create_subscription(
     |  _________________________^^^^^^^^^^^^^^^^^^^^^^^-
1392 | |             &subscriber,
1393 | |             &merchant,
1394 | |             &AMOUNT,
...    |
1397 | |             &None::<i128>,
1398 | |         ),
     | |_________- argument #7 of type `&core::option::Option<u64>` is missing
     |
note: method defined here
    --> contracts\subscription_vault\src\lib.rs:639:12
     |
 639 |     pub fn create_subscription(
     |            ^^^^^^^^^^^^^^^^^^^
...
 647 |         expires_at: Option<u64>,
     |         -----------------------
help: provide the argument
     |
1391 |         test_env.client.try_create_subscription(
 ...
1397 |             &None::<i128>,
1398 ~             /* &core::option::Option<u64> */,
1399 ~         ),
     |

error[E0061]: this method takes 8 arguments but 7 arguments were supplied
    --> contracts\subscription_vault\src\test.rs:1402:25
     |
1402 |           test_env.client.try_create_subscription_with_token(
     |  _________________________^^^^^^^^^^^^^^^^^^^^^^^^^^^^^^^^^^-
1403 | |             &subscriber,
1404 | |             &merchant,
1405 | |             &test_env.token,
...    |
1409 | |             &None::<i128>,
1410 | |         ),
     | |_________- argument #8 of type `&core::option::Option<u64>` is missing
     |
note: method defined here
    --> contracts\subscription_vault\src\lib.rs:678:12
     |
 678 |     pub fn create_subscription_with_token(
     |            ^^^^^^^^^^^^^^^^^^^^^^^^^^^^^^
...
 687 |         expires_at: Option<u64>,
     |         -----------------------
help: provide the argument
     |
1402 |         test_env.client.try_create_subscription_with_token(
 ...
1409 |             &None::<i128>,
1410 ~             /* &core::option::Option<u64> */,
1411 ~         ),
     |

error[E0063]: missing field `grace_start_timestamp` in initializer of `types::Subscription`
    --> contracts\subscription_vault\src\test.rs:2366:15
     |
2366 |     let sub = Subscription {
     |               ^^^^^^^^^^^^ missing `grace_start_timestamp`

error[E0061]: this method takes 5 arguments but 6 arguments were supplied
    --> contracts\subscription_vault\src\test.rs:3051:41
     |
3051 |     let plan_family_b = test_env.client.create_plan_template(
     |                                         ^^^^^^^^^^^^^^^^^^^^
...
3057 |         &None::<u64>,
     |         ------------ unexpected argument #6 of type `&core::option::Option<u64>`
     |
note: method defined here
    --> contracts\subscription_vault\src\lib.rs:781:12
     |
 781 |     pub fn create_plan_template(
     |            ^^^^^^^^^^^^^^^^^^^^
help: remove the extra argument
     |
3056 -         &None::<i128>,
3057 -         &None::<u64>,
3056 +         &None::<i128>,
     |

error[E0308]: mismatched types
    --> contracts\subscription_vault\src\test.rs:3206:9
     |
3204 |     let plan_id = test_env.client.create_plan_template(
     |                                   -------------------- arguments to this method are incorrect
3205 |         &merchant,
3206 |         &AMOUNT * 2,
     |         ^^^^^^^^^^^ expected `&i128`, found `i128`
     |
note: method defined here
    --> contracts\subscription_vault\src\lib.rs:781:12
     |
 781 |     pub fn create_plan_template(
     |            ^^^^^^^^^^^^^^^^^^^^
...
 784 |         amount: i128,
     |         ------------
help: consider borrowing here
     |
3206 |         &(&AMOUNT * 2),
     |         ++           +

error[E0061]: this method takes 7 arguments but 6 arguments were supplied
    --> contracts\subscription_vault\src\test.rs:4848:34
     |
4848 |       let result = test_env.client.try_create_subscription(
     |  __________________________________^^^^^^^^^^^^^^^^^^^^^^^-
4849 | |         &subscriber,
4850 | |         &merchant,
4851 | |         &10i128,
...    |
4854 | |         &Some(9i128),
4855 | |     );
     | |_____- argument #7 of type `&core::option::Option<u64>` is missing
     |
note: method defined here
    --> contracts\subscription_vault\src\lib.rs:639:12
     |
 639 |     pub fn create_subscription(
     |            ^^^^^^^^^^^^^^^^^^^
...
 647 |         expires_at: Option<u64>,
     |         -----------------------
help: provide the argument
     |
4848 |     let result = test_env.client.try_create_subscription(
 ...
4854 |         &Some(9i128),
4855 ~         /* &core::option::Option<u64> */,
4856 ~     );
     |

error[E0061]: this method takes 8 arguments but 7 arguments were supplied
    --> contracts\subscription_vault\src\test.rs:4921:34
     |
4921 |       let result = test_env.client.try_create_subscription_with_token(
     |  __________________________________^^^^^^^^^^^^^^^^^^^^^^^^^^^^^^^^^^-
4922 | |         &subscriber,
4923 | |         &merchant,
4924 | |         &test_env.token,
...    |
4928 | |         &Some(9i128),
4929 | |     );
     | |_____- argument #8 of type `&core::option::Option<u64>` is missing
     |
note: method defined here
    --> contracts\subscription_vault\src\lib.rs:678:12
     |
 678 |     pub fn create_subscription_with_token(
     |            ^^^^^^^^^^^^^^^^^^^^^^^^^^^^^^
...
 687 |         expires_at: Option<u64>,
     |         -----------------------
help: provide the argument
     |
4921 |     let result = test_env.client.try_create_subscription_with_token(
 ...
4928 |         &Some(9i128),
4929 ~         /* &core::option::Option<u64> */,
4930 ~     );
     |

error[E0061]: this method takes 7 arguments but 6 arguments were supplied
    --> contracts\subscription_vault\src\test.rs:4960:30
     |
4960 |       let id = test_env.client.create_subscription(
     |  ______________________________^^^^^^^^^^^^^^^^^^^-
4961 | |         &subscriber,
4962 | |         &merchant,
4963 | |         &i128::MAX,
...    |
4966 | |         &Some(i128::MAX),
4967 | |     );
     | |_____- argument #7 of type `&core::option::Option<u64>` is missing
     |
note: method defined here
    --> contracts\subscription_vault\src\lib.rs:639:12
     |
 639 |     pub fn create_subscription(
     |            ^^^^^^^^^^^^^^^^^^^
...
 647 |         expires_at: Option<u64>,
     |         -----------------------
help: provide the argument
     |
4960 |     let id = test_env.client.create_subscription(
 ...
4966 |         &Some(i128::MAX),
4967 ~         /* &core::option::Option<u64> */,
4968 ~     );
     |

error[E0061]: this method takes 7 arguments but 6 arguments were supplied
    --> contracts\subscription_vault\src\test.rs:4978:34
     |
4978 |       let result = test_env.client.try_create_subscription(
     |  __________________________________^^^^^^^^^^^^^^^^^^^^^^^-
4979 | |         &subscriber,
4980 | |         &merchant,
4981 | |         &i128::MAX,
...    |
4984 | |         &Some(i128::MAX - 1),
4985 | |     );
     | |_____- argument #7 of type `&core::option::Option<u64>` is missing
     |
note: method defined here
    --> contracts\subscription_vault\src\lib.rs:639:12
     |
 639 |     pub fn create_subscription(
     |            ^^^^^^^^^^^^^^^^^^^
...
 647 |         expires_at: Option<u64>,
     |         -----------------------
help: provide the argument
     |
4978 |     let result = test_env.client.try_create_subscription(
 ...
4984 |         &Some(i128::MAX - 1),
4985 ~         /* &core::option::Option<u64> */,
4986 ~     );
     |

error[E0061]: this method takes 6 arguments but 4 arguments were supplied
    --> contracts\subscription_vault\src\test.rs:5126:21
     |
5126 |       test_env.client.recover_stranded_funds(
     |  _____________________^^^^^^^^^^^^^^^^^^^^^^-
5127 | |         &test_env.admin,
5128 | |         &recipient,
5129 | |         &1_000_000i128,
     | |         -------------- argument #3 of type `&soroban_sdk::Address` is missing
5130 | |         &RecoveryReason::AccidentalTransfer,
5131 | |     );
     | |_____- argument #5 of type `&soroban_sdk::String` is missing
     |
note: method defined here
    --> contracts\subscription_vault\src\lib.rs:291:12
     |
 291 |     pub fn recover_stranded_funds(
     |            ^^^^^^^^^^^^^^^^^^^^^^
...
 295 |         recipient: Address,
     |         ------------------
 296 |         amount: i128,
 297 |         recovery_id: String,
     |         -------------------
help: provide the arguments
     |
5126 ~     test_env.client.recover_stranded_funds(
5127 +         &test_env.admin,
5128 +         &recipient,
5129 +         /* &soroban_sdk::Address */,
5130 +         &1_000_000i128,
5131 +         /* &soroban_sdk::String */,
5132 +         &RecoveryReason::AccidentalTransfer,
5133 ~     );
     |

error[E0061]: this method takes 6 arguments but 4 arguments were supplied
    --> contracts\subscription_vault\src\test.rs:5169:21
     |
5169 |       test_env.client.recover_stranded_funds(
     |  _____________________^^^^^^^^^^^^^^^^^^^^^^-
5170 | |         &new_admin,
5171 | |         &recipient,
5172 | |         &1_000_000i128,
     | |         -------------- argument #3 of type `&soroban_sdk::Address` is missing
5173 | |         &RecoveryReason::AccidentalTransfer,
5174 | |     );
     | |_____- argument #5 of type `&soroban_sdk::String` is missing
     |
note: method defined here
    --> contracts\subscription_vault\src\lib.rs:291:12
     |
 291 |     pub fn recover_stranded_funds(
     |            ^^^^^^^^^^^^^^^^^^^^^^
...
 295 |         recipient: Address,
     |         ------------------
 296 |         amount: i128,
 297 |         recovery_id: String,
     |         -------------------
help: provide the arguments
     |
5169 ~     test_env.client.recover_stranded_funds(
5170 +         &new_admin,
5171 +         &recipient,
5172 +         /* &soroban_sdk::Address */,
5173 +         &1_000_000i128,
5174 +         /* &soroban_sdk::String */,
5175 +         &RecoveryReason::AccidentalTransfer,
5176 ~     );
     |

error[E0061]: this method takes 7 arguments but 6 arguments were supplied
    --> contracts\subscription_vault\src\test.rs:6463:10
     |
6463 |         .create_subscription(&s1, &m, &AMOUNT, &daily, &false, &None::<i128>);
     |          ^^^^^^^^^^^^^^^^^^^------------------------------------------------- argument #7 of type `&core::option::Option<u64>` is missing
     |
note: method defined here
    --> contracts\subscription_vault\src\lib.rs:639:12
     |
 639 |     pub fn create_subscription(
     |            ^^^^^^^^^^^^^^^^^^^
...
 647 |         expires_at: Option<u64>,
     |         -----------------------
help: provide the argument
     |
6463 |         .create_subscription(&s1, &m, &AMOUNT, &daily, &false, &None::<i128>, /* &core::option::Option<u64> */);
     |                                                                             ++++++++++++++++++++++++++++++++++

error[E0061]: this method takes 7 arguments but 6 arguments were supplied
    --> contracts\subscription_vault\src\test.rs:6466:10
     |
6466 |         .create_subscription(&s2, &m, &AMOUNT, &weekly, &false, &None::<i128>);
     |          ^^^^^^^^^^^^^^^^^^^-------------------------------------------------- argument #7 of type `&core::option::Option<u64>` is missing
     |
note: method defined here
    --> contracts\subscription_vault\src\lib.rs:639:12
     |
 639 |     pub fn create_subscription(
     |            ^^^^^^^^^^^^^^^^^^^
...
 647 |         expires_at: Option<u64>,
     |         -----------------------
help: provide the argument
     |
6466 |         .create_subscription(&s2, &m, &AMOUNT, &weekly, &false, &None::<i128>, /* &core::option::Option<u64> */);
     |                                                                              ++++++++++++++++++++++++++++++++++

error[E0061]: this method takes 7 arguments but 6 arguments were supplied
    --> contracts\subscription_vault\src\test.rs:6470:14
     |
6470 |             .create_subscription(&s3, &m, &AMOUNT, &monthly, &false, &None::<i128>);
     |              ^^^^^^^^^^^^^^^^^^^--------------------------------------------------- argument #7 of type `&core::option::Option<u64>` is missing
     |
note: method defined here
    --> contracts\subscription_vault\src\lib.rs:639:12
     |
 639 |     pub fn create_subscription(
     |            ^^^^^^^^^^^^^^^^^^^
...
 647 |         expires_at: Option<u64>,
     |         -----------------------
help: provide the argument
     |
6470 |             .create_subscription(&s3, &m, &AMOUNT, &monthly, &false, &None::<i128>, /* &core::option::Option<u64> */);
     |                                                                                   ++++++++++++++++++++++++++++++++++

error[E0063]: missing field `grace_start_timestamp` in initializer of `types::Subscription`
    --> contracts\subscription_vault\src\test.rs:7093:24
     |
7093 |         let original = Subscription {
     |                        ^^^^^^^^^^^^ missing `grace_start_timestamp`

error[E0063]: missing field `grace_start_timestamp` in initializer of `types::Subscription`
    --> contracts\subscription_vault\src\test.rs:7197:22
     |
7197 |         let legacy = Subscription {
     |                      ^^^^^^^^^^^^ missing `grace_start_timestamp`

error[E0061]: this method takes 7 arguments but 6 arguments were supplied
    --> contracts\subscription_vault\src\test.rs:7979:21
     |
7979 |       let id = client.create_subscription(
     |  _____________________^^^^^^^^^^^^^^^^^^^-
7980 | |         &subscriber,
7981 | |         &merchant,
7982 | |         &AMOUNT,
...    |
7985 | |         &Some(20_000_000i128),
7986 | |     );
     | |_____- argument #7 of type `&core::option::Option<u64>` is missing
     |
note: method defined here
    --> contracts\subscription_vault\src\lib.rs:639:12
     |
 639 |     pub fn create_subscription(
     |            ^^^^^^^^^^^^^^^^^^^
...
 647 |         expires_at: Option<u64>,
     |         -----------------------
help: provide the argument
     |
7979 |     let id = client.create_subscription(
 ...
7985 |         &Some(20_000_000i128),
7986 ~         /* &core::option::Option<u64> */,
7987 ~     );
     |

error[E0061]: this method takes 5 arguments but 6 arguments were supplied
   --> contracts\subscription_vault\src\test_emergency_stop_lifetime_caps.rs:51:26
    |
 51 |     let plan_id = client.create_plan_template(
    |                          ^^^^^^^^^^^^^^^^^^^^
...
 57 |         &None::<u64>,
    |         ------------ unexpected argument #6 of type `&core::option::Option<u64>`
    |
note: method defined here
   --> contracts\subscription_vault\src\lib.rs:781:12
    |
781 |     pub fn create_plan_template(
    |            ^^^^^^^^^^^^^^^^^^^^
help: remove the extra argument
    |
 56 -         &None::<i128>,
 57 -         &None::<u64>,
 56 +         &None::<i128>,
    |

error[E0061]: this method takes 7 arguments but 6 arguments were supplied
   --> contracts\subscription_vault\src\test_emergency_stop_lifetime_caps.rs:64:16
    |
 64 |           client.try_create_subscription(
    |  ________________^^^^^^^^^^^^^^^^^^^^^^^-
 65 | |             &subscriber,
 66 | |             &merchant,
 67 | |             &1_000_000i128,
...   |
 70 | |             &None::<i128>
 71 | |         ),
    | |_________- argument #7 of type `&core::option::Option<u64>` is missing
    |
note: method defined here
   --> contracts\subscription_vault\src\lib.rs:639:12
    |
639 |     pub fn create_subscription(
    |            ^^^^^^^^^^^^^^^^^^^
...
647 |         expires_at: Option<u64>,
    |         -----------------------
help: provide the argument
    |
 64 |         client.try_create_subscription(
...
 69 |             &false,
 70 ~             &None::<i128>,
 71 +             /* &core::option::Option<u64> */,
    |

error[E0061]: this method takes 8 arguments but 7 arguments were supplied
   --> contracts\subscription_vault\src\test_emergency_stop_lifetime_caps.rs:75:16
    |
 75 |           client.try_create_subscription_with_token(
    |  ________________^^^^^^^^^^^^^^^^^^^^^^^^^^^^^^^^^^-
 76 | |             &subscriber,
 77 | |             &merchant,
 78 | |             &token,
...   |
 82 | |             &None::<i128>
 83 | |         ),
    | |_________- argument #8 of type `&core::option::Option<u64>` is missing
    |
note: method defined here
   --> contracts\subscription_vault\src\lib.rs:678:12
    |
678 |     pub fn create_subscription_with_token(
    |            ^^^^^^^^^^^^^^^^^^^^^^^^^^^^^^
...
687 |         expires_at: Option<u64>,
    |         -----------------------
help: provide the argument
    |
 75 |         client.try_create_subscription_with_token(
...
 81 |             &false,
 82 ~             &None::<i128>,
 83 +             /* &core::option::Option<u64> */,
    |

warning: unused variable: `token_addr`
   --> contracts\subscription_vault\src\subscription.rs:829:9
    |
829 |     let token_addr = sub.token.clone();
    |         ^^^^^^^^^^ help: if this is intentional, prefix it with an underscore: `_token_addr`
    |
    = note: `#[warn(unused_variables)]` (part of `#[warn(unused)]`) on by default

warning: unused variable: `tracked_batch`
    --> contracts\subscription_vault\src\test.rs:1836:9
     |
1836 |     let tracked_batch = [valid_batch, low_batch, paused_batch];
     |         ^^^^^^^^^^^^^ help: if this is intentional, prefix it with an underscore: `_tracked_batch`

warning: unused variable: `tracked_single`
    --> contracts\subscription_vault\src\test.rs:1837:9
     |
1837 |     let tracked_single = [valid_single, low_single, paused_single];
     |         ^^^^^^^^^^^^^^ help: if this is intentional, prefix it with an underscore: `_tracked_single`

warning: unused variable: `id1`
    --> contracts\subscription_vault\src\test.rs:3080:9
     |
3080 |     let id1 = test_env.client.create_subscription(
     |         ^^^ help: if this is intentional, prefix it with an underscore: `_id1`

warning: unused variable: `cap`
    --> contracts\subscription_vault\src\test.rs:3230:9
     |
3230 |     let cap = 2 * AMOUNT;
     |         ^^^ help: if this is intentional, prefix it with an underscore: `_cap`

warning: unused variable: `admin`
  --> contracts\subscription_vault\src\test_admin.rs:64:31
   |
64 |     let (env, contract_id, _, admin) = setup_admin_env();
   |                               ^^^^^ help: if this is intentional, prefix it with an underscore: `_admin`

warning: unused variable: `deposit_balance`
   --> contracts\subscription_vault\src\test_expiration.rs:118:9
    |
118 |     let deposit_balance = (min_topup * 5) - 0; // no charges made before expiry
    |         ^^^^^^^^^^^^^^^ help: if this is intentional, prefix it with an underscore: `_deposit_balance`

warning: unused variable: `token_admin`
   --> contracts\subscription_vault\src\test_expiration.rs:129:30
    |
129 |     let (env, client, token, token_admin, _) = setup_test_env();
    |                              ^^^^^^^^^^^ help: if this is intentional, prefix it with an underscore: `_token_admin`

warning: unused variable: `expires_at`
   --> contracts\subscription_vault\src\test_expiration.rs:133:9
    |
133 |     let expires_at = T0 + 2 * INTERVAL;
    |         ^^^^^^^^^^ help: if this is intentional, prefix it with an underscore: `_expires_at`

warning: unused variable: `token_admin`
  --> contracts\subscription_vault\src\test_recovery.rs:35:9
   |
35 |     let token_admin = admin.clone();
   |         ^^^^^^^^^^^ help: if this is intentional, prefix it with an underscore: `_token_admin`

warning: unused variable: `admin`
  --> contracts\subscription_vault\src\test_recovery.rs:72:30
   |
72 |     let (env, client, token, admin) = setup_env();
   |                              ^^^^^ help: if this is intentional, prefix it with an underscore: `_admin`

Some errors have detailed explanations: E0061, E0063, E0308, E0425, E0560.
For more information about an error, try `rustc --explain E0061`.
warning: `subscription_vault` (lib test) generated 17 warnings
error: could not compile `subscription_vault` (lib test) due to 23 previous errors; 17 warnings emitted
